Microchip MPLAB XC8 Compiler V1.33 ()

Linker command line:

--edf=/opt/microchip/xc8/v1.33/dat/en_msgs.txt -cs \
  -h+dist/default/production/lcd.X.production.sym \
  --cmf=dist/default/production/lcd.X.production.cmf -z -Q16F876A \
  -o/tmp/cgt1py6tq -Mdist/default/production/lcd.X.production.map -E1 \
  -ver=XC8 -ASTACK=0110h-016fh -pstack=STACK -ACONST=00h-0FFhx32 \
  -ACODE=00h-07FFhx4 -ASTRCODE=00h-01FFFh -AENTRY=00h-0FFhx32 \
  -ASTRING=00h-0FFhx32 -ACOMMON=070h-07Fh -ABANK0=020h-06Fh \
  -ABANK1=0A0h-0EFh -ABANK2=0110h-016Fh -ABANK3=0190h-01EFh \
  -ARAM=020h-06Fh,0A0h-0EFh,0110h-016Fh,0190h-01EFh \
  -AABS1=020h-07Fh,0A0h-0EFh,0110h-016Fh,0190h-01EFh -ASFR0=00h-01Fh \
  -ASFR1=080h-09Fh -ASFR2=0100h-010Fh -ASFR3=0180h-018Fh \
  -preset_vec=00h,intentry,init,end_init -ppowerup=CODE -pcinit=CODE \
  -pfunctab=CODE -ACONFIG=02007h-02007h -pconfig=CONFIG -DCONFIG=2 \
  -AIDLOC=02000h-02003h -pidloc=IDLOC -DIDLOC=2 -AEEDATA=00h-0FFh/02100h \
  -peeprom_data=EEDATA -DEEDATA=2 -DCODE=2 -DSTRCODE=2 -DSTRING=2 -DCONST=2 \
  -DENTRY=2 -k /tmp/cgtxjLIpR.obj \
  dist/default/production/lcd.X.production.obj 

Object code version is 3.11

Machine type is 16F876A



                Name                               Link     Load   Length Selector   Space Scale
/tmp/cgtxjLIpR.obj
                end_init                              0        0        3        0       0
                config                             2007     2007        1     400E       0
dist/default/production/lcd.X.production.obj
                cinit                               7DE      7DE       22      FBC       0
                text29                             1E7D     1E7D       1F     3CFA       0
                text28                             1176     1176       5E     22EC       0
                text27                             129B     129B       79     2536       0
                text26                             1E45     1E45        E     3C8A       0
                text25                             1440     1440       C2     2880       0
                text24                             1FA5     1FA5       5B     3F4A       0
                text23                              817      817       A9     102E       0
                text22                             13A2     13A2       9E     2744       0
                text21                             1EBB     1EBB       22     3D76       0
                text20                             1E9C     1E9C       1F     3D38       0
                text19                             11D4     11D4       5F     23A8       0
                text18                             1E3D     1E3D        8     3C7A       0
                text17                             1233     1233       68     2466       0
                text16                             15C5     15C5      109     2B8A       0
                text15                             1E61     1E61       1C     3CC2       0
                text14                             1314     1314       8E     2628       0
                text13                             1F0C     1F0C       4C     3E18       0
                text12                             1EDD     1EDD       2F     3DBA       0
                text11                             10F6     10F6       23     21EC       0
                text10                             16CE     16CE      132     2D9C       0
                text9                              1502     1502       C3     2A04       0
                text8                              1119     1119       5D     2232       0
                text7                              1F58     1F58       4D     3EB0       0
                text6                               804      804       13     1008       0
                text5                                 9        9       D3       12       0
                text4                               8C0      8C0      19C     1180       0
                text3                              1E53     1E53        E     3CA6       0
                text2                               A5C      A5C      29F     14B8       0
                text1                                DC       DC      702      1B8       0
                maintext                            CFB      CFB      305     19F6       0
                cstackBANK0                          20       20       4E       20       1
                cstackCOMMON                         70       70        E       70       1
                cstackBANK1                          A0       A0       2A       A0       1
                cstackBANK3                         190      190       4D      190       1
                dataBANK3                           1DD      1DD        5      190       1
                nvBANK1                              CA       CA        5       A0       1
                strings                            1000     1000       F3     2000       0
                idataBANK3                            4        4        5        8       0

TOTAL           Name                               Link     Load   Length     Space
        CLASS   STACK          

        CLASS   CONST          

        CLASS   CODE           
                end_init                              0        0        3         0
                cinit                               7DE      7DE       22         0
                text29                             1E7D     1E7D       1F         0
                text28                             1176     1176       5E         0
                text27                             129B     129B       79         0
                text26                             1E45     1E45        E         0
                text25                             1440     1440       C2         0
                text24                             1FA5     1FA5       5B         0
                text23                              817      817       A9         0
                text22                             13A2     13A2       9E         0
                text21                             1EBB     1EBB       22         0
                text20                             1E9C     1E9C       1F         0
                text19                             11D4     11D4       5F         0
                text18                             1E3D     1E3D        8         0
                text17                             1233     1233       68         0
                text16                             15C5     15C5      109         0
                text15                             1E61     1E61       1C         0
                text14                             1314     1314       8E         0
                text13                             1F0C     1F0C       4C         0
                text12                             1EDD     1EDD       2F         0
                text11                             10F6     10F6       23         0
                text10                             16CE     16CE      132         0
                text9                              1502     1502       C3         0
                text8                              1119     1119       5D         0
                text7                              1F58     1F58       4D         0
                text6                               804      804       13         0
                text5                                 9        9       D3         0
                text4                               8C0      8C0      19C         0
                text3                              1E53     1E53        E         0
                text2                               A5C      A5C      29F         0
                text1                                DC       DC      702         0
                maintext                            CFB      CFB      305         0
                idataBANK3                            4        4        5         0

        CLASS   STRCODE        

        CLASS   ENTRY          

        CLASS   STRING         
                strings                            1000     1000       F3         0

        CLASS   COMMON         
                cstackCOMMON                         70       70        E         1

        CLASS   BANK0          
                cstackBANK0                          20       20       4E         1

        CLASS   BANK1          
                cstackBANK1                          A0       A0       2A         1
                nvBANK1                              CA       CA        5         1

        CLASS   BANK2          

        CLASS   BANK3          
                cstackBANK3                         190      190       4D         1
                dataBANK3                           1DD      1DD        5         1

        CLASS   RAM            

        CLASS   ABS1           
                abs_s1                               7E       7E        2         1

        CLASS   SFR0           

        CLASS   SFR1           

        CLASS   SFR2           

        CLASS   SFR3           

        CLASS   CONFIG         
                config                             2007     2007        1         0

        CLASS   IDLOC          

        CLASS   EEDATA         



SEGMENTS        Name                           Load    Length   Top    Selector   Space  Class     Delta

                reset_vec                      000000  000003  000003         0       0  CODE        2
                idataBANK3                     000004  000005  000009         8       0  CODE        2
                text5                          000009  0000D3  0000DC        12       0  CODE        2
                cstackBANK0                    000020  00004E  00006E        20       1  BANK0       1
                cstackCOMMON                   000070  00000E  00007E        70       1  COMMON      1
                cstackBANK1                    0000A0  00002F  0000CF        A0       1  BANK1       1
                cstackBANK3                    000190  000052  0001E2       190       1  BANK3       1
                text1                          0000DC  000702  0007DE       1B8       0  CODE        2
                cinit                          0007DE  000022  000800       FBC       0  CODE        2
                text6                          000804  000013  000817      1008       0  CODE        2
                text23                         000817  0000A9  0008C0      102E       0  CODE        2
                text4                          0008C0  00019C  000A5C      1180       0  CODE        2
                text2                          000A5C  00029F  000CFB      14B8       0  CODE        2
                maintext                       000CFB  000305  001000      19F6       0  CODE        2
                strings                        001000  0000F3  0010F3      2000       0  STRING      2
                text11                         0010F6  000023  001119      21EC       0  CODE        2
                text8                          001119  00005D  001176      2232       0  CODE        2
                text28                         001176  00005E  0011D4      22EC       0  CODE        2
                text19                         0011D4  00005F  001233      23A8       0  CODE        2
                text17                         001233  000068  00129B      2466       0  CODE        2
                text27                         00129B  000079  001314      2536       0  CODE        2
                text14                         001314  00008E  0013A2      2628       0  CODE        2
                text22                         0013A2  00009E  001440      2744       0  CODE        2
                text25                         001440  0000C2  001502      2880       0  CODE        2
                text9                          001502  0000C3  0015C5      2A04       0  CODE        2
                text16                         0015C5  000109  0016CE      2B8A       0  CODE        2
                text10                         0016CE  000132  001800      2D9C       0  CODE        2
                text18                         001E3D  000008  001E45      3C7A       0  CODE        2
                text26                         001E45  00000E  001E53      3C8A       0  CODE        2
                text3                          001E53  00000E  001E61      3CA6       0  CODE        2
                text15                         001E61  00001C  001E7D      3CC2       0  CODE        2
                text29                         001E7D  00001F  001E9C      3CFA       0  CODE        2
                text20                         001E9C  00001F  001EBB      3D38       0  CODE        2
                text21                         001EBB  000022  001EDD      3D76       0  CODE        2
                text12                         001EDD  00002F  001F0C      3DBA       0  CODE        2
                text13                         001F0C  00004C  001F58      3E18       0  CODE        2
                text7                          001F58  00004D  001FA5      3EB0       0  CODE        2
                text24                         001FA5  00005B  002000      3F4A       0  CODE        2
                config                         002007  000001  002008      400E       0  CONFIG      2


UNUSED ADDRESS RANGES

        Name                Unused          Largest block    Delta
        BANK0            006E-006F              2           1
        BANK1            00CF-00EF             21           1
        BANK2            0110-016F             60           1
        BANK3            01E2-01EF              E           1
        CODE             0003-0003              1           2
                         0800-0803              4
                         10F3-10F5              3
                         1800-1E3C            63D
        CONST            0003-0003              1           2
                         0800-0803              4
                         10F3-10F5              3
                         1800-1E3C            100
        EEDATA           2100-21FF            100           2
        ENTRY            0003-0003              1           2
                         0800-0803              4
                         10F3-10F5              3
                         1800-1E3C            100
        IDLOC            2000-2003              4           2
        RAM              006E-006F              2           1
                         00CF-00EF             21
                         0110-016F             60
                         01E2-01EF              E
        SFR0             0000-001F             20           1
        SFR1             0080-009F             20           1
        SFR2             0100-010F             10           1
        SFR3             0180-018F             10           1
        STACK            0110-016F             60           1
        STRCODE          0003-0003              1           2
                         0800-0803              4
                         10F3-10F5              3
                         1800-1E3C            63D
        STRING           0003-0003              1           2
                         0800-0803              4
                         10F3-10F5              3
                         1800-1E3C            100

                                  Symbol Table

?_ADC_Read               cstackBANK0  0020
?___awdiv                cstackCOMMON 0077
?___awmod                cstackCOMMON 0070
?___ftadd                cstackBANK0  0055
?___ftmul                cstackBANK0  0035
?___ftneg                cstackCOMMON 0070
?___ftpack               cstackCOMMON 0070
?___ftsub                cstackBANK0  0062
?___fttol                cstackBANK0  004E
?___lldiv                cstackCOMMON 0070
?___llmod                cstackCOMMON 0070
?___lltoft               cstackBANK0  002F
?___wmul                 cstackCOMMON 0070
?__div_to_l_             cstackCOMMON 0070
?__tdiv_to_l_            cstackCOMMON 0070
?_fround                 cstackBANK0  0045
?_scale                  cstackBANK0  0045
?_sprintf                cstackBANK0  0068
ADC_Read@ADCResult       cstackBANK0  0028
ADC_Read@channel         cstackBANK0  002E
ADC_Read@i               cstackBANK0  002C
ADC_Read@samples         cstackBANK0  0020
LCD_Init@cmd             cstackCOMMON 007D
LCD_Init@display         cstackCOMMON 0078
LCD_Port@c               cstackCOMMON 0073
LCD_Write@c              cstackCOMMON 0077
LCD_putc@c               cstackCOMMON 0077
LCD_putrs@a              cstackCOMMON 007A
LCD_putrs@i              cstackCOMMON 0078
LCD_puts@a               cstackCOMMON 007B
LCD_puts@i               cstackCOMMON 0079
_ADCON0bits              (abs)        001F
_ADCON1bits              (abs)        009F
_ADC_Init                text29       1E7D
_ADC_Read                text27       129B
_ADRESH                  (abs)        001E
_ADRESL                  (abs)        009E
_IO_Init                 text26       1E45
_LCD_Init                text23       0817
_LCD_Port                text25       1440
_LCD_Write               text24       1FA5
_LCD_putc                text22       13A2
_LCD_putrs               text21       1EBB
_LCD_puts                text20       1E9C
_OPTION_REGbits          (abs)        0081
_PORTA                   (abs)        0005
_PORTB                   (abs)        0006
_PORTBbits               (abs)        0006
_PORTC                   (abs)        0007
_PORTCbits               (abs)        0007
_TRISA                   (abs)        0085
_TRISB                   (abs)        0086
_TRISBbits               (abs)        0086
_TRISC                   (abs)        0087
_TRISCbits               (abs)        0087
__CFG_BOREN$ON           (abs)        0000
__CFG_CP$OFF             (abs)        0000
__CFG_CPD$OFF            (abs)        0000
__CFG_FOSC$HS            (abs)        0000
__CFG_LVP$OFF            (abs)        0000
__CFG_PWRTE$OFF          (abs)        0000
__CFG_WDTE$OFF           (abs)        0000
__CFG_WRT$OFF            (abs)        0000
__Habs1                  abs1         0000
__Hbank0                 bank0        0000
__Hbank1                 bank1        0000
__Hbank2                 bank2        0000
__Hbank3                 bank3        0000
__Hcinit                 cinit        0800
__Hclrtext               clrtext      0000
__Hcode                  code         0000
__Hcommon                common       0000
__Hconfig                config       2008
__HcstackBANK0           cstackBANK0  0000
__HcstackBANK1           cstackBANK1  0000
__HcstackBANK3           cstackBANK3  0000
__HcstackCOMMON          cstackCOMMON 0000
__HdataBANK3             dataBANK3    0000
__Heeprom_data           eeprom_data  0000
__Hend_init              end_init     0003
__Hfunctab               functab      0000
__HidataBANK3            idataBANK3   0000
__Hidloc                 idloc        0000
__Hinit                  init         0000
__Hintentry              intentry     0000
__Hmaintext              maintext     0000
__HnvBANK1               nvBANK1      0000
__Hpowerup               powerup      0000
__Hram                   ram          0000
__Hreset_vec             reset_vec    0000
__Hsfr0                  sfr0         0000
__Hsfr1                  sfr1         0000
__Hsfr2                  sfr2         0000
__Hsfr3                  sfr3         0000
__Hspace_0               (abs)        2008
__Hspace_1               (abs)        01E2
__Hspace_2               (abs)        0000
__Hspace_3               (abs)        0000
__Hstack                 stack        0000
__Hstrings               strings      0000
__Htext                  text         0000
__Labs1                  abs1         0000
__Lbank0                 bank0        0000
__Lbank1                 bank1        0000
__Lbank2                 bank2        0000
__Lbank3                 bank3        0000
__Lcinit                 cinit        07DE
__Lclrtext               clrtext      0000
__Lcode                  code         0000
__Lcommon                common       0000
__Lconfig                config       2007
__LcstackBANK0           cstackBANK0  0000
__LcstackBANK1           cstackBANK1  0000
__LcstackBANK3           cstackBANK3  0000
__LcstackCOMMON          cstackCOMMON 0000
__LdataBANK3             dataBANK3    0000
__Leeprom_data           eeprom_data  0000
__Lend_init              end_init     0000
__Lfunctab               functab      0000
__LidataBANK3            idataBANK3   0000
__Lidloc                 idloc        0000
__Linit                  init         0000
__Lintentry              intentry     0000
__Lmaintext              maintext     0000
__LnvBANK1               nvBANK1      0000
__Lpowerup               powerup      0000
__Lram                   ram          0000
__Lreset_vec             reset_vec    0000
__Lsfr0                  sfr0         0000
__Lsfr1                  sfr1         0000
__Lsfr2                  sfr2         0000
__Lsfr3                  sfr3         0000
__Lspace_0               (abs)        0000
__Lspace_1               (abs)        0000
__Lspace_2               (abs)        0000
__Lspace_3               (abs)        0000
__Lstack                 stack        0000
__Lstrings               strings      0000
__Ltext                  text         0000
__S0                     (abs)        2008
__S1                     (abs)        01E2
__S2                     (abs)        0000
__S3                     (abs)        0000
___awdiv                 text8        1119
___awdiv@counter         cstackBANK0  0020
___awdiv@dividend        cstackCOMMON 0079
___awdiv@divisor         cstackCOMMON 0077
___awdiv@quotient        cstackBANK0  0022
___awdiv@sign            cstackBANK0  0021
___awmod                 text7        1F58
___awmod@counter         cstackCOMMON 0075
___awmod@dividend        cstackCOMMON 0072
___awmod@divisor         cstackCOMMON 0070
___awmod@sign            cstackCOMMON 0076
___bmul                  text6        0804
___bmul@multiplicand     cstackBANK0  0024
___bmul@multiplier       cstackBANK0  0026
___bmul@product          cstackBANK0  0025
___ftadd                 text16       15C5
___ftadd@exp1            cstackBANK0  0061
___ftadd@exp2            cstackBANK0  0060
___ftadd@f1              cstackBANK0  0055
___ftadd@f2              cstackBANK0  0058
___ftadd@sign            cstackBANK0  005F
___ftge                  text19       11D4
___ftge@ff1              cstackBANK0  0027
___ftge@ff2              cstackBANK0  002A
___ftmul                 text5        0009
___ftmul@cntr            cstackBANK0  0043
___ftmul@exp             cstackBANK0  003F
___ftmul@f1              cstackBANK0  0035
___ftmul@f2              cstackBANK0  0038
___ftmul@f3_as_product   cstackBANK0  0040
___ftmul@sign            cstackBANK0  0044
___ftneg                 text18       1E3D
___ftneg@f1              cstackCOMMON 0070
___ftpack                text17       1233
___ftpack@arg            cstackCOMMON 0070
___ftpack@exp            cstackCOMMON 0073
___ftpack@sign           cstackCOMMON 0074
___ftsub                 text15       1E61
___ftsub@f1              cstackBANK0  0065
___ftsub@f2              cstackBANK0  0062
___fttol                 text14       1314
___fttol@exp1            cstackBANK0  005B
___fttol@f1              cstackBANK0  004E
___fttol@lval            cstackBANK0  0057
___fttol@sign1           cstackBANK0  0056
___int_sp                stack        0000
___latbits               (abs)        0002
___lldiv                 text28       1176
___lldiv@counter         cstackCOMMON 007D
___lldiv@dividend        cstackCOMMON 0074
___lldiv@divisor         cstackCOMMON 0070
___lldiv@quotient        cstackCOMMON 0079
___llmod                 text13       1F0C
___llmod@counter         cstackCOMMON 0079
___llmod@dividend        cstackCOMMON 0074
___llmod@divisor         cstackCOMMON 0070
___lltoft                text12       1EDD
___lltoft@c              cstackBANK0  002F
___lltoft@exp            cstackBANK0  0034
___sp                    stack        0000
___wmul                  text11       10F6
___wmul@multiplicand     cstackCOMMON 0072
___wmul@multiplier       cstackCOMMON 0070
___wmul@product          cstackCOMMON 0074
__div_to_l_              text10       16CE
__div_to_l_@cntr         cstackBANK0  0024
__div_to_l_@exp1         cstackBANK0  0025
__div_to_l_@f1           cstackCOMMON 0070
__div_to_l_@f2           cstackCOMMON 0073
__div_to_l_@quot         cstackBANK0  0020
__end_of_ADC_Init        text29       1E9C
__end_of_ADC_Read        text27       1314
__end_of_IO_Init         text26       1E53
__end_of_LCD_Init        text23       08C0
__end_of_LCD_Port        text25       1502
__end_of_LCD_Write       text24       2000
__end_of_LCD_putc        text22       1440
__end_of_LCD_putrs       text21       1EDD
__end_of_LCD_puts        text20       1EBB
__end_of___awdiv         text8        1176
__end_of___awmod         text7        1FA5
__end_of___bmul          text6        0817
__end_of___ftadd         text16       16CE
__end_of___ftge          text19       1233
__end_of___ftmul         text5        00DC
__end_of___ftneg         text18       1E45
__end_of___ftpack        text17       129B
__end_of___ftsub         text15       1E7D
__end_of___fttol         text14       13A2
__end_of___lldiv         text28       11D4
__end_of___llmod         text13       1F58
__end_of___lltoft        text12       1F0C
__end_of___wmul          text11       1119
__end_of__div_to_l_      text10       1800
__end_of__initialization cinit        07FC
__end_of__npowers_       strings      1055
__end_of__powers_        strings      107C
__end_of__stringdata     strings      10F3
__end_of__stringtab      strings      1006
__end_of__tdiv_to_l_     text9        15C5
__end_of_dpowers         strings      102E
__end_of_fround          text4        0A5C
__end_of_isdigit         text3        1E61
__end_of_main            maintext     1000
__end_of_scale           text2        0CFB
__end_of_sprintf         text1        07DE
__initialization         cinit        07DE
__npowers_               strings      102E
__pcstackBANK0           cstackBANK0  0020
__pcstackBANK1           cstackBANK1  00A0
__pcstackBANK3           cstackBANK3  0190
__pcstackCOMMON          cstackCOMMON 0070
__pdataBANK3             dataBANK3    01DD
__pidataBANK3            idataBANK3   0004
__pmaintext              maintext     0CFB
__pnvBANK1               nvBANK1      00CA
__powers_                strings      1055
__pstrings               strings      1000
__ptext1                 text1        00DC
__ptext10                text10       16CE
__ptext11                text11       10F6
__ptext12                text12       1EDD
__ptext13                text13       1F0C
__ptext14                text14       1314
__ptext15                text15       1E61
__ptext16                text16       15C5
__ptext17                text17       1233
__ptext18                text18       1E3D
__ptext19                text19       11D4
__ptext2                 text2        0A5C
__ptext20                text20       1E9C
__ptext21                text21       1EBB
__ptext22                text22       13A2
__ptext23                text23       0817
__ptext24                text24       1FA5
__ptext25                text25       1440
__ptext26                text26       1E45
__ptext27                text27       129B
__ptext28                text28       1176
__ptext29                text29       1E7D
__ptext3                 text3        1E53
__ptext4                 text4        08C0
__ptext5                 text5        0009
__ptext6                 text6        0804
__ptext7                 text7        1F58
__ptext8                 text8        1119
__ptext9                 text9        1502
__size_of_ADC_Init       (abs)        0000
__size_of_ADC_Read       (abs)        0000
__size_of_IO_Init        (abs)        0000
__size_of_LCD_Init       (abs)        0000
__size_of_LCD_Port       (abs)        0000
__size_of_LCD_Write      (abs)        0000
__size_of_LCD_putc       (abs)        0000
__size_of_LCD_putrs      (abs)        0000
__size_of_LCD_puts       (abs)        0000
__size_of___awdiv        (abs)        0000
__size_of___awmod        (abs)        0000
__size_of___bmul         (abs)        0000
__size_of___ftadd        (abs)        0000
__size_of___ftge         (abs)        0000
__size_of___ftmul        (abs)        0000
__size_of___ftneg        (abs)        0000
__size_of___ftpack       (abs)        0000
__size_of___ftsub        (abs)        0000
__size_of___fttol        (abs)        0000
__size_of___lldiv        (abs)        0000
__size_of___llmod        (abs)        0000
__size_of___lltoft       (abs)        0000
__size_of___wmul         (abs)        0000
__size_of__div_to_l_     (abs)        0000
__size_of__tdiv_to_l_    (abs)        0000
__size_of_fround         (abs)        0000
__size_of_isdigit        (abs)        0000
__size_of_main           (abs)        0000
__size_of_scale          (abs)        0000
__size_of_sprintf        (abs)        0000
__stringbase             strings      1005
__stringdata             strings      107C
__stringtab              strings      1000
__tdiv_to_l_             text9        1502
__tdiv_to_l_@cntr        cstackBANK0  0024
__tdiv_to_l_@exp1        cstackBANK0  0025
__tdiv_to_l_@f1          cstackCOMMON 0070
__tdiv_to_l_@f2          cstackCOMMON 0073
__tdiv_to_l_@quot        cstackBANK0  0020
_dpowers                 strings      1006
_fround                  text4        08C0
_fround$873              cstackBANK0  0051
_fround$874              cstackBANK0  004E
_isdigit                 text3        1E53
_isdigit$663             cstackCOMMON 0070
_lcd                     nvBANK1      00CA
_main                    maintext     0CFB
_main$877                cstackBANK3  01D6
_main$878                cstackBANK3  01D9
_scale                   text2        0A5C
_scale$875               cstackBANK0  004A
_sprintf                 text1        00DC
_sprintf$463             cstackBANK1  00A9
_sprintf$876             cstackBANK1  00A6
btemp                    (abs)        007E
end_of_initialization    cinit        07FC
fround@prec              cstackBANK0  0054
intlevel0                functab      0000
intlevel1                functab      0000
intlevel2                functab      0000
intlevel3                functab      0000
intlevel4                functab      0000
intlevel5                functab      0000
isdigit@c                cstackCOMMON 0071
ltemp                    (abs)        007E
ltemp0                   (abs)        007E
ltemp1                   (abs)        0082
ltemp2                   (abs)        0086
ltemp3                   (abs)        0080
main@F1209               dataBANK3    01DD
main@current             cstackBANK3  01BD
main@current_str         cstackBANK3  0190
main@i                   cstackBANK3  01DB
main@lcd                 cstackBANK3  01CC
main@screen_id           cstackBANK3  01DA
main@start_channel       cstackBANK3  01D4
main@stop_channel        cstackBANK3  01D5
main@toggled_backlight   cstackBANK3  01D2
main@toggled_power       cstackBANK3  01D3
main@toggled_screen      cstackBANK3  01D1
reset_vec                reset_vec    0000
scale@scl                cstackBANK0  004D
sprintf@_val             cstackBANK1  00B9
sprintf@ap               cstackBANK1  00AD
sprintf@c                cstackBANK1  00C9
sprintf@exp              cstackBANK1  00C1
sprintf@f                cstackBANK0  0068
sprintf@flag             cstackBANK1  00BD
sprintf@fval             cstackBANK1  00C3
sprintf@integ            cstackBANK1  00B6
sprintf@prec             cstackBANK1  00C7
sprintf@sp               cstackBANK1  00C6
sprintf@vd               cstackBANK1  00AE
sprintf@vd_465           cstackBANK1  00B2
sprintf@width            cstackBANK1  00BF
stackhi                  (abs)        0000
stacklo                  (abs)        0000
start                    init         0000
start_initialization     cinit        07DE
ttemp                    (abs)        007E
ttemp0                   (abs)        007E
ttemp1                   (abs)        0081
ttemp2                   (abs)        0084
ttemp3                   (abs)        0087
ttemp4                   (abs)        007F
wtemp                    (abs)        007E
wtemp0                   (abs)        007E
wtemp1                   (abs)        0080
wtemp2                   (abs)        0082
wtemp3                   (abs)        0084
wtemp4                   (abs)        0086
wtemp5                   (abs)        0088
wtemp6                   (abs)        007F


FUNCTION INFORMATION:

 *************** function _main *****************
 Defined at:
		line 69 in file "main.c"
 Parameters:    Size  Location     Type
		None
 Auto vars:     Size  Location     Type
  i               2   75[BANK3 ] int 
  current_str    45    0[BANK3 ] unsigned char [9][5]
  current        15   45[BANK3 ] [5]
  lcd             5   60[BANK3 ] struct .
  screen_id       1   74[BANK3 ] unsigned char 
  stop_channel    1   69[BANK3 ] unsigned char 
  start_channe    1   68[BANK3 ] unsigned char 
  toggled_powe    1   67[BANK3 ] unsigned char 
  toggled_back    1   66[BANK3 ] unsigned char 
  toggled_scre    1   65[BANK3 ] unsigned char 
 Return value:  Size  Location     Type
                  2   32[COMMON] int 
 Registers used:
		wreg, fsr0l, fsr0h, status,2, status,0, btemp+1, pclath, cstack
 Tracked objects:
		On entry : 
		On exit  : 
		Unchanged: 
 Data sizes:     COMMON   BANK0   BANK1   BANK3   BANK2
      Params:         0       0       0       0       0
      Locals:         0       0       0      77       0
      Temps:          0       2       0       0       0
      Totals:         0       2       0      77       0
Total ram usage:       79 bytes
 Hardware stack levels required when called:    4
 This function calls:
		_ADC_Init
		_ADC_Read
		_IO_Init
		_LCD_Init
		_LCD_Write
		_LCD_putrs
		_LCD_puts
		___bmul
		___ftadd
		___ftge
		___ftmul
		___lltoft
		_sprintf
 This function is called by:
		Startup code after reset
 This function uses a non-reentrant model


 *************** function _sprintf *****************
 Defined at:
		line 492 in file "/opt/microchip/xc8/v1.33/sources/common/doprnt.c"
 Parameters:    Size  Location     Type
  sp              1    wreg     PTR unsigned char 
		 -> main@current_str(45), 
  f               1   72[BANK0 ] PTR const unsigned char 
		 -> STR_4(7), STR_3(7), 
 Auto vars:     Size  Location     Type
  sp              1   38[BANK1 ] PTR unsigned char 
		 -> main@current_str(45), 
  vd              4   14[BANK1 ] unsigned long 
  vd              4   18[BANK1 ] unsigned long 
  _val            4   25[BANK1 ] struct .
  fval            3   35[BANK1 ] struct .
  integ           3   22[BANK1 ] struct .
  ival            3    0        struct .
  prec            2   39[BANK1 ] int 
  exp             2   33[BANK1 ] int 
  width           2   31[BANK1 ] int 
  flag            2   29[BANK1 ] unsigned short 
  c               1   41[BANK1 ] char 
  ap              1   13[BANK1 ] PTR void [1]
		 -> ?_sprintf(2), 
  d               1    0        unsigned char 
 Return value:  Size  Location     Type
                  2   72[BANK0 ] int 
 Registers used:
		wreg, fsr0l, fsr0h, status,2, status,0, btemp+1, pclath, cstack
 Tracked objects:
		On entry : 
		On exit  : 
		Unchanged: 
 Data sizes:     COMMON   BANK0   BANK1   BANK3   BANK2
      Params:         0       4       0       0       0
      Locals:         0       0      36       0       0
      Temps:          0       0       6       0       0
      Totals:         0       4      42       0       0
Total ram usage:       46 bytes
 Hardware stack levels used:    1
 Hardware stack levels required when called:    3
 This function calls:
		___awdiv
		___ftadd
		___ftge
		___ftmul
		___ftneg
		___ftsub
		___fttol
		___lldiv
		___llmod
		___lltoft
		___wmul
		__div_to_l_
		__tdiv_to_l_
		_fround
		_isdigit
		_scale
 This function is called by:
		_main
 This function uses a non-reentrant model


 *************** function _scale *****************
 Defined at:
		line 425 in file "/opt/microchip/xc8/v1.33/sources/common/doprnt.c"
 Parameters:    Size  Location     Type
  scl             1    wreg     char 
 Auto vars:     Size  Location     Type
  scl             1   45[BANK0 ] char 
 Return value:  Size  Location     Type
                  3   37[BANK0 ] char 
 Registers used:
		wreg, fsr0l, fsr0h, status,2, status,0, pclath, cstack
 Tracked objects:
		On entry : 
		On exit  : 
		Unchanged: 
 Data sizes:     COMMON   BANK0   BANK1   BANK3   BANK2
      Params:         0       3       0       0       0
      Locals:         0       4       0       0       0
      Temps:          0       2       0       0       0
      Totals:         0       9       0       0       0
Total ram usage:        9 bytes
 Hardware stack levels used:    1
 Hardware stack levels required when called:    2
 This function calls:
		___awdiv
		___awmod
		___bmul
		___ftmul
 This function is called by:
		_sprintf
 This function uses a non-reentrant model


 *************** function _isdigit *****************
 Defined at:
		line 8 in file "/opt/microchip/xc8/v1.33/sources/common/isdigit.c"
 Parameters:    Size  Location     Type
  c               1    wreg     unsigned char 
 Auto vars:     Size  Location     Type
  c               1    1[COMMON] unsigned char 
 Return value:  Size  Location     Type
		None               void
 Registers used:
		wreg, status,2, status,0
 Tracked objects:
		On entry : 
		On exit  : 
		Unchanged: 
 Data sizes:     COMMON   BANK0   BANK1   BANK3   BANK2
      Params:         0       0       0       0       0
      Locals:         2       0       0       0       0
      Temps:          0       0       0       0       0
      Totals:         2       0       0       0       0
Total ram usage:        2 bytes
 Hardware stack levels used:    1
 This function calls:
		Nothing
 This function is called by:
		_sprintf
 This function uses a non-reentrant model


 *************** function _fround *****************
 Defined at:
		line 409 in file "/opt/microchip/xc8/v1.33/sources/common/doprnt.c"
 Parameters:    Size  Location     Type
  prec            1    wreg     unsigned char 
 Auto vars:     Size  Location     Type
  prec            1   52[BANK0 ] unsigned char 
 Return value:  Size  Location     Type
                  3   37[BANK0 ] unsigned char 
 Registers used:
		wreg, fsr0l, fsr0h, status,2, status,0, pclath, cstack
 Tracked objects:
		On entry : 
		On exit  : 
		Unchanged: 
 Data sizes:     COMMON   BANK0   BANK1   BANK3   BANK2
      Params:         0       3       0       0       0
      Locals:         0       7       0       0       0
      Temps:          0       6       0       0       0
      Totals:         0      16       0       0       0
Total ram usage:       16 bytes
 Hardware stack levels used:    1
 Hardware stack levels required when called:    2
 This function calls:
		___awdiv
		___awmod
		___bmul
		___ftmul
 This function is called by:
		_sprintf
 This function uses a non-reentrant model


 *************** function ___ftmul *****************
 Defined at:
		line 62 in file "/opt/microchip/xc8/v1.33/sources/common/ftmul.c"
 Parameters:    Size  Location     Type
  f1              3   21[BANK0 ] float 
  f2              3   24[BANK0 ] float 
 Auto vars:     Size  Location     Type
  f3_as_produc    3   32[BANK0 ] unsigned um
  sign            1   36[BANK0 ] unsigned char 
  cntr            1   35[BANK0 ] unsigned char 
  exp             1   31[BANK0 ] unsigned char 
 Return value:  Size  Location     Type
                  3   21[BANK0 ] float 
 Registers used:
		wreg, status,2, status,0, pclath, cstack
 Tracked objects:
		On entry : 
		On exit  : 
		Unchanged: 
 Data sizes:     COMMON   BANK0   BANK1   BANK3   BANK2
      Params:         0       6       0       0       0
      Locals:         0       6       0       0       0
      Temps:          0       4       0       0       0
      Totals:         0      16       0       0       0
Total ram usage:       16 bytes
 Hardware stack levels used:    1
 Hardware stack levels required when called:    1
 This function calls:
		___ftpack
 This function is called by:
		_main
		_fround
		_scale
		_sprintf
 This function uses a non-reentrant model


 *************** function ___bmul *****************
 Defined at:
		line 4 in file "/opt/microchip/xc8/v1.33/sources/common/Umul8.c"
 Parameters:    Size  Location     Type
  multiplier      1    wreg     unsigned char 
  multiplicand    1    4[BANK0 ] unsigned char 
 Auto vars:     Size  Location     Type
  multiplier      1    6[BANK0 ] unsigned char 
  product         1    5[BANK0 ] unsigned char 
 Return value:  Size  Location     Type
                  1    wreg      unsigned char 
 Registers used:
		wreg, status,2, status,0
 Tracked objects:
		On entry : 
		On exit  : 
		Unchanged: 
 Data sizes:     COMMON   BANK0   BANK1   BANK3   BANK2
      Params:         0       1       0       0       0
      Locals:         0       2       0       0       0
      Temps:          1       0       0       0       0
      Totals:         1       3       0       0       0
Total ram usage:        4 bytes
 Hardware stack levels used:    1
 This function calls:
		Nothing
 This function is called by:
		_main
		_fround
		_scale
 This function uses a non-reentrant model


 *************** function ___awmod *****************
 Defined at:
		line 6 in file "/opt/microchip/xc8/v1.33/sources/common/awmod.c"
 Parameters:    Size  Location     Type
  divisor         2    0[COMMON] int 
  dividend        2    2[COMMON] int 
 Auto vars:     Size  Location     Type
  sign            1    6[COMMON] unsigned char 
  counter         1    5[COMMON] unsigned char 
 Return value:  Size  Location     Type
                  2    0[COMMON] int 
 Registers used:
		wreg, status,2, status,0
 Tracked objects:
		On entry : 
		On exit  : 
		Unchanged: 
 Data sizes:     COMMON   BANK0   BANK1   BANK3   BANK2
      Params:         4       0       0       0       0
      Locals:         2       0       0       0       0
      Temps:          1       0       0       0       0
      Totals:         7       0       0       0       0
Total ram usage:        7 bytes
 Hardware stack levels used:    1
 This function calls:
		Nothing
 This function is called by:
		_fround
		_scale
 This function uses a non-reentrant model


 *************** function ___awdiv *****************
 Defined at:
		line 6 in file "/opt/microchip/xc8/v1.33/sources/common/awdiv.c"
 Parameters:    Size  Location     Type
  divisor         2    7[COMMON] int 
  dividend        2    9[COMMON] int 
 Auto vars:     Size  Location     Type
  quotient        2    2[BANK0 ] int 
  sign            1    1[BANK0 ] unsigned char 
  counter         1    0[BANK0 ] unsigned char 
 Return value:  Size  Location     Type
                  2    7[COMMON] int 
 Registers used:
		wreg, status,2, status,0
 Tracked objects:
		On entry : 
		On exit  : 
		Unchanged: 
 Data sizes:     COMMON   BANK0   BANK1   BANK3   BANK2
      Params:         4       0       0       0       0
      Locals:         0       4       0       0       0
      Temps:          1       0       0       0       0
      Totals:         5       4       0       0       0
Total ram usage:        9 bytes
 Hardware stack levels used:    1
 This function calls:
		Nothing
 This function is called by:
		_fround
		_scale
		_sprintf
 This function uses a non-reentrant model


 *************** function __tdiv_to_l_ *****************
 Defined at:
		line 60 in file "/opt/microchip/xc8/v1.33/sources/common/ftdivl.c"
 Parameters:    Size  Location     Type
  f1              3    0[COMMON] float 
  f2              3    3[COMMON] float 
 Auto vars:     Size  Location     Type
  quot            4    0[BANK0 ] unsigned long 
  exp1            1    5[BANK0 ] unsigned char 
  cntr            1    4[BANK0 ] unsigned char 
 Return value:  Size  Location     Type
                  4    0[COMMON] unsigned long 
 Registers used:
		wreg, status,2, status,0
 Tracked objects:
		On entry : 
		On exit  : 
		Unchanged: 
 Data sizes:     COMMON   BANK0   BANK1   BANK3   BANK2
      Params:         6       0       0       0       0
      Locals:         0       6       0       0       0
      Temps:          4       0       0       0       0
      Totals:        10       6       0       0       0
Total ram usage:       16 bytes
 Hardware stack levels used:    1
 This function calls:
		Nothing
 This function is called by:
		_sprintf
 This function uses a non-reentrant model


 *************** function __div_to_l_ *****************
 Defined at:
		line 60 in file "/opt/microchip/xc8/v1.33/sources/common/fldivl.c"
 Parameters:    Size  Location     Type
  f1              3    0[COMMON] unsigned long 
  f2              3    3[COMMON] unsigned long 
 Auto vars:     Size  Location     Type
  quot            4    0[BANK0 ] unsigned long 
  exp1            1    5[BANK0 ] unsigned char 
  cntr            1    4[BANK0 ] unsigned char 
 Return value:  Size  Location     Type
                  4    0[COMMON] unsigned long 
 Registers used:
		wreg, fsr0l, fsr0h, status,2, status,0
 Tracked objects:
		On entry : 
		On exit  : 
		Unchanged: 
 Data sizes:     COMMON   BANK0   BANK1   BANK3   BANK2
      Params:         6       0       0       0       0
      Locals:         0       6       0       0       0
      Temps:          8       0       0       0       0
      Totals:        14       6       0       0       0
Total ram usage:       20 bytes
 Hardware stack levels used:    1
 This function calls:
		Nothing
 This function is called by:
		_sprintf
 This function uses a non-reentrant model


 *************** function ___wmul *****************
 Defined at:
		line 15 in file "/opt/microchip/xc8/v1.33/sources/common/Umul16.c"
 Parameters:    Size  Location     Type
  multiplier      2    0[COMMON] unsigned int 
  multiplicand    2    2[COMMON] unsigned int 
 Auto vars:     Size  Location     Type
  product         2    4[COMMON] unsigned int 
 Return value:  Size  Location     Type
                  2    0[COMMON] unsigned int 
 Registers used:
		wreg, status,2, status,0
 Tracked objects:
		On entry : 
		On exit  : 
		Unchanged: 
 Data sizes:     COMMON   BANK0   BANK1   BANK3   BANK2
      Params:         4       0       0       0       0
      Locals:         2       0       0       0       0
      Temps:          0       0       0       0       0
      Totals:         6       0       0       0       0
Total ram usage:        6 bytes
 Hardware stack levels used:    1
 This function calls:
		Nothing
 This function is called by:
		_sprintf
 This function uses a non-reentrant model


 *************** function ___lltoft *****************
 Defined at:
		line 35 in file "/opt/microchip/xc8/v1.33/sources/common/lltoft.c"
 Parameters:    Size  Location     Type
  c               4   15[BANK0 ] unsigned long 
 Auto vars:     Size  Location     Type
  exp             1   20[BANK0 ] unsigned char 
 Return value:  Size  Location     Type
                  3   15[BANK0 ] float 
 Registers used:
		wreg, status,2, status,0, pclath, cstack
 Tracked objects:
		On entry : 
		On exit  : 
		Unchanged: 
 Data sizes:     COMMON   BANK0   BANK1   BANK3   BANK2
      Params:         0       4       0       0       0
      Locals:         0       1       0       0       0
      Temps:          0       1       0       0       0
      Totals:         0       6       0       0       0
Total ram usage:        6 bytes
 Hardware stack levels used:    1
 Hardware stack levels required when called:    1
 This function calls:
		___ftpack
 This function is called by:
		_main
		_sprintf
 This function uses a non-reentrant model


 *************** function ___llmod *****************
 Defined at:
		line 6 in file "/opt/microchip/xc8/v1.33/sources/common/llmod.c"
 Parameters:    Size  Location     Type
  divisor         4    0[COMMON] unsigned long 
  dividend        4    4[COMMON] unsigned long 
 Auto vars:     Size  Location     Type
  counter         1    9[COMMON] unsigned char 
 Return value:  Size  Location     Type
                  4    0[COMMON] unsigned long 
 Registers used:
		wreg, status,2, status,0
 Tracked objects:
		On entry : 
		On exit  : 
		Unchanged: 
 Data sizes:     COMMON   BANK0   BANK1   BANK3   BANK2
      Params:         8       0       0       0       0
      Locals:         1       0       0       0       0
      Temps:          1       0       0       0       0
      Totals:        10       0       0       0       0
Total ram usage:       10 bytes
 Hardware stack levels used:    1
 This function calls:
		Nothing
 This function is called by:
		_sprintf
 This function uses a non-reentrant model


 *************** function ___fttol *****************
 Defined at:
		line 44 in file "/opt/microchip/xc8/v1.33/sources/common/fttol.c"
 Parameters:    Size  Location     Type
  f1              3   46[BANK0 ] float 
 Auto vars:     Size  Location     Type
  lval            4   55[BANK0 ] unsigned long 
  exp1            1   59[BANK0 ] unsigned char 
  sign1           1   54[BANK0 ] unsigned char 
 Return value:  Size  Location     Type
                  4   46[BANK0 ] long 
 Registers used:
		wreg, status,2, status,0
 Tracked objects:
		On entry : 
		On exit  : 
		Unchanged: 
 Data sizes:     COMMON   BANK0   BANK1   BANK3   BANK2
      Params:         0       4       0       0       0
      Locals:         0       6       0       0       0
      Temps:          0       4       0       0       0
      Totals:         0      14       0       0       0
Total ram usage:       14 bytes
 Hardware stack levels used:    1
 This function calls:
		Nothing
 This function is called by:
		_sprintf
 This function uses a non-reentrant model


 *************** function ___ftsub *****************
 Defined at:
		line 18 in file "/opt/microchip/xc8/v1.33/sources/common/ftsub.c"
 Parameters:    Size  Location     Type
  f2              3   66[BANK0 ] float 
  f1              3   69[BANK0 ] float 
 Auto vars:     Size  Location     Type
		None
 Return value:  Size  Location     Type
                  3   66[BANK0 ] float 
 Registers used:
		wreg, status,2, status,0, pclath, cstack
 Tracked objects:
		On entry : 
		On exit  : 
		Unchanged: 
 Data sizes:     COMMON   BANK0   BANK1   BANK3   BANK2
      Params:         0       6       0       0       0
      Locals:         0       0       0       0       0
      Temps:          0       0       0       0       0
      Totals:         0       6       0       0       0
Total ram usage:        6 bytes
 Hardware stack levels used:    1
 Hardware stack levels required when called:    2
 This function calls:
		___ftadd
 This function is called by:
		_sprintf
 This function uses a non-reentrant model


 *************** function ___ftadd *****************
 Defined at:
		line 86 in file "/opt/microchip/xc8/v1.33/sources/common/ftadd.c"
 Parameters:    Size  Location     Type
  f1              3   53[BANK0 ] float 
  f2              3   56[BANK0 ] float 
 Auto vars:     Size  Location     Type
  exp1            1   65[BANK0 ] unsigned char 
  exp2            1   64[BANK0 ] unsigned char 
  sign            1   63[BANK0 ] unsigned char 
 Return value:  Size  Location     Type
                  3   53[BANK0 ] float 
 Registers used:
		wreg, status,2, status,0, pclath, cstack
 Tracked objects:
		On entry : 
		On exit  : 
		Unchanged: 
 Data sizes:     COMMON   BANK0   BANK1   BANK3   BANK2
      Params:         0       6       0       0       0
      Locals:         0       3       0       0       0
      Temps:          0       4       0       0       0
      Totals:         0      13       0       0       0
Total ram usage:       13 bytes
 Hardware stack levels used:    1
 Hardware stack levels required when called:    1
 This function calls:
		___ftpack
 This function is called by:
		_main
		_sprintf
		___ftsub
 This function uses a non-reentrant model


 *************** function ___ftpack *****************
 Defined at:
		line 62 in file "/opt/microchip/xc8/v1.33/sources/common/float.c"
 Parameters:    Size  Location     Type
  arg             3    0[COMMON] unsigned um
  exp             1    3[COMMON] unsigned char 
  sign            1    4[COMMON] unsigned char 
 Auto vars:     Size  Location     Type
		None
 Return value:  Size  Location     Type
                  3    0[COMMON] float 
 Registers used:
		wreg, status,2, status,0
 Tracked objects:
		On entry : 
		On exit  : 
		Unchanged: 
 Data sizes:     COMMON   BANK0   BANK1   BANK3   BANK2
      Params:         5       0       0       0       0
      Locals:         0       0       0       0       0
      Temps:          3       0       0       0       0
      Totals:         8       0       0       0       0
Total ram usage:        8 bytes
 Hardware stack levels used:    1
 This function calls:
		Nothing
 This function is called by:
		___ftadd
		___ftmul
		___lltoft
 This function uses a non-reentrant model


 *************** function ___ftneg *****************
 Defined at:
		line 15 in file "/opt/microchip/xc8/v1.33/sources/common/ftneg.c"
 Parameters:    Size  Location     Type
  f1              3    0[COMMON] float 
 Auto vars:     Size  Location     Type
		None
 Return value:  Size  Location     Type
                  3    0[COMMON] float 
 Registers used:
		wreg
 Tracked objects:
		On entry : 
		On exit  : 
		Unchanged: 
 Data sizes:     COMMON   BANK0   BANK1   BANK3   BANK2
      Params:         3       0       0       0       0
      Locals:         0       0       0       0       0
      Temps:          0       0       0       0       0
      Totals:         3       0       0       0       0
Total ram usage:        3 bytes
 Hardware stack levels used:    1
 This function calls:
		Nothing
 This function is called by:
		_sprintf
 This function uses a non-reentrant model


 *************** function ___ftge *****************
 Defined at:
		line 4 in file "/opt/microchip/xc8/v1.33/sources/common/ftge.c"
 Parameters:    Size  Location     Type
  ff1             3    7[BANK0 ] float 
  ff2             3   10[BANK0 ] float 
 Auto vars:     Size  Location     Type
		None
 Return value:  Size  Location     Type
		None               void
 Registers used:
		wreg, status,2, status,0
 Tracked objects:
		On entry : 
		On exit  : 
		Unchanged: 
 Data sizes:     COMMON   BANK0   BANK1   BANK3   BANK2
      Params:         0       6       0       0       0
      Locals:         0       0       0       0       0
      Temps:          0       6       0       0       0
      Totals:         0      12       0       0       0
Total ram usage:       12 bytes
 Hardware stack levels used:    1
 This function calls:
		Nothing
 This function is called by:
		_main
		_sprintf
 This function uses a non-reentrant model


 *************** function _LCD_puts *****************
 Defined at:
		line 131 in file "lcd.c"
 Parameters:    Size  Location     Type
  a               1    wreg     PTR unsigned char 
		 -> main@current_str(45), 
 Auto vars:     Size  Location     Type
  a               1   11[COMMON] PTR unsigned char 
		 -> main@current_str(45), 
  i               2    9[COMMON] int 
 Return value:  Size  Location     Type
		None               void
 Registers used:
		wreg, fsr0l, fsr0h, status,2, status,0, pclath, cstack
 Tracked objects:
		On entry : 
		On exit  : 
		Unchanged: 
 Data sizes:     COMMON   BANK0   BANK1   BANK3   BANK2
      Params:         0       0       0       0       0
      Locals:         3       0       0       0       0
      Temps:          1       0       0       0       0
      Totals:         4       0       0       0       0
Total ram usage:        4 bytes
 Hardware stack levels used:    1
 Hardware stack levels required when called:    2
 This function calls:
		_LCD_putc
 This function is called by:
		_main
 This function uses a non-reentrant model


 *************** function _LCD_putrs *****************
 Defined at:
		line 139 in file "lcd.c"
 Parameters:    Size  Location     Type
  a               1    wreg     PTR const unsigned char 
		 -> STR_7(21), STR_6(21), STR_5(21), STR_2(21), 
		 -> STR_1(21), 
 Auto vars:     Size  Location     Type
  a               1   10[COMMON] PTR const unsigned char 
		 -> STR_7(21), STR_6(21), STR_5(21), STR_2(21), 
		 -> STR_1(21), 
  i               2    8[COMMON] int 
 Return value:  Size  Location     Type
		None               void
 Registers used:
		wreg, fsr0l, fsr0h, status,2, status,0, pclath, cstack
 Tracked objects:
		On entry : 
		On exit  : 
		Unchanged: 
 Data sizes:     COMMON   BANK0   BANK1   BANK3   BANK2
      Params:         0       0       0       0       0
      Locals:         3       0       0       0       0
      Temps:          0       0       0       0       0
      Totals:         3       0       0       0       0
Total ram usage:        3 bytes
 Hardware stack levels used:    1
 Hardware stack levels required when called:    2
 This function calls:
		_LCD_putc
 This function is called by:
		_main
 This function uses a non-reentrant model


 *************** function _LCD_putc *****************
 Defined at:
		line 114 in file "lcd.c"
 Parameters:    Size  Location     Type
  c               1    wreg     unsigned char 
 Auto vars:     Size  Location     Type
  c               1    7[COMMON] unsigned char 
 Return value:  Size  Location     Type
		None               void
 Registers used:
		wreg, fsr0l, fsr0h, status,2, status,0, pclath, cstack
 Tracked objects:
		On entry : 
		On exit  : 
		Unchanged: 
 Data sizes:     COMMON   BANK0   BANK1   BANK3   BANK2
      Params:         0       0       0       0       0
      Locals:         1       0       0       0       0
      Temps:          3       0       0       0       0
      Totals:         4       0       0       0       0
Total ram usage:        4 bytes
 Hardware stack levels used:    1
 Hardware stack levels required when called:    1
 This function calls:
		_LCD_Port
 This function is called by:
		_LCD_puts
		_LCD_putrs
 This function uses a non-reentrant model


 *************** function _LCD_Init *****************
 Defined at:
		line 59 in file "lcd.c"
 Parameters:    Size  Location     Type
  display         5    8[COMMON] struct .
 Auto vars:     Size  Location     Type
  cmd             1   13[COMMON] unsigned char 
 Return value:  Size  Location     Type
                  1    wreg      unsigned char 
 Registers used:
		wreg, fsr0l, fsr0h, status,2, status,0, pclath, cstack
 Tracked objects:
		On entry : 
		On exit  : 
		Unchanged: 
 Data sizes:     COMMON   BANK0   BANK1   BANK3   BANK2
      Params:         5       0       0       0       0
      Locals:         1       0       0       0       0
      Temps:          0       2       0       0       0
      Totals:         6       2       0       0       0
Total ram usage:        8 bytes
 Hardware stack levels used:    1
 Hardware stack levels required when called:    2
 This function calls:
		_LCD_Write
 This function is called by:
		_main
 This function uses a non-reentrant model


 *************** function _LCD_Write *****************
 Defined at:
		line 48 in file "lcd.c"
 Parameters:    Size  Location     Type
  c               1    wreg     unsigned char 
 Auto vars:     Size  Location     Type
  c               1    7[COMMON] unsigned char 
 Return value:  Size  Location     Type
		None               void
 Registers used:
		wreg, fsr0l, fsr0h, status,2, status,0, pclath, cstack
 Tracked objects:
		On entry : 
		On exit  : 
		Unchanged: 
 Data sizes:     COMMON   BANK0   BANK1   BANK3   BANK2
      Params:         0       0       0       0       0
      Locals:         1       0       0       0       0
      Temps:          3       0       0       0       0
      Totals:         4       0       0       0       0
Total ram usage:        4 bytes
 Hardware stack levels used:    1
 Hardware stack levels required when called:    1
 This function calls:
		_LCD_Port
 This function is called by:
		_main
		_LCD_Init
 This function uses a non-reentrant model


 *************** function _LCD_Port *****************
 Defined at:
		line 16 in file "lcd.c"
 Parameters:    Size  Location     Type
  c               1    wreg     unsigned char 
 Auto vars:     Size  Location     Type
  c               1    3[COMMON] unsigned char 
 Return value:  Size  Location     Type
		None               void
 Registers used:
		wreg, fsr0l, fsr0h, status,2, status,0
 Tracked objects:
		On entry : 
		On exit  : 
		Unchanged: 
 Data sizes:     COMMON   BANK0   BANK1   BANK3   BANK2
      Params:         0       0       0       0       0
      Locals:         1       0       0       0       0
      Temps:          3       0       0       0       0
      Totals:         4       0       0       0       0
Total ram usage:        4 bytes
 Hardware stack levels used:    1
 This function calls:
		Nothing
 This function is called by:
		_LCD_Write
		_LCD_putc
 This function uses a non-reentrant model


 *************** function _IO_Init *****************
 Defined at:
		line 182 in file "main.c"
 Parameters:    Size  Location     Type
		None
 Auto vars:     Size  Location     Type
		None
 Return value:  Size  Location     Type
		None               void
 Registers used:
		None
 Tracked objects:
		On entry : 
		On exit  : 
		Unchanged: 
 Data sizes:     COMMON   BANK0   BANK1   BANK3   BANK2
      Params:         0       0       0       0       0
      Locals:         0       0       0       0       0
      Temps:          0       0       0       0       0
      Totals:         0       0       0       0       0
Total ram usage:        0 bytes
 Hardware stack levels used:    1
 This function calls:
		Nothing
 This function is called by:
		_main
 This function uses a non-reentrant model


 *************** function _ADC_Read *****************
 Defined at:
		line 32 in file "adc.c"
 Parameters:    Size  Location     Type
  channel         1    wreg     unsigned char 
  samples         2    0[BANK0 ] unsigned int 
 Auto vars:     Size  Location     Type
  channel         1   14[BANK0 ] unsigned char 
  i               2   12[BANK0 ] int 
  ADCResult       4    8[BANK0 ] unsigned long 
 Return value:  Size  Location     Type
                  4    0[BANK0 ] unsigned long 
 Registers used:
		wreg, status,2, status,0, pclath, cstack
 Tracked objects:
		On entry : 
		On exit  : 
		Unchanged: 
 Data sizes:     COMMON   BANK0   BANK1   BANK3   BANK2
      Params:         0       4       0       0       0
      Locals:         0       7       0       0       0
      Temps:          0       4       0       0       0
      Totals:         0      15       0       0       0
Total ram usage:       15 bytes
 Hardware stack levels used:    1
 Hardware stack levels required when called:    1
 This function calls:
		___lldiv
 This function is called by:
		_main
 This function uses a non-reentrant model


 *************** function ___lldiv *****************
 Defined at:
		line 6 in file "/opt/microchip/xc8/v1.33/sources/common/lldiv.c"
 Parameters:    Size  Location     Type
  divisor         4    0[COMMON] unsigned long 
  dividend        4    4[COMMON] unsigned long 
 Auto vars:     Size  Location     Type
  quotient        4    9[COMMON] unsigned long 
  counter         1   13[COMMON] unsigned char 
 Return value:  Size  Location     Type
                  4    0[COMMON] unsigned long 
 Registers used:
		wreg, status,2, status,0
 Tracked objects:
		On entry : 
		On exit  : 
		Unchanged: 
 Data sizes:     COMMON   BANK0   BANK1   BANK3   BANK2
      Params:         8       0       0       0       0
      Locals:         5       0       0       0       0
      Temps:          1       0       0       0       0
      Totals:        14       0       0       0       0
Total ram usage:       14 bytes
 Hardware stack levels used:    1
 This function calls:
		Nothing
 This function is called by:
		_ADC_Read
		_sprintf
 This function uses a non-reentrant model


 *************** function _ADC_Init *****************
 Defined at:
		line 14 in file "adc.c"
 Parameters:    Size  Location     Type
		None
 Auto vars:     Size  Location     Type
		None
 Return value:  Size  Location     Type
		None               void
 Registers used:
		wreg, status,2, status,0
 Tracked objects:
		On entry : 
		On exit  : 
		Unchanged: 
 Data sizes:     COMMON   BANK0   BANK1   BANK3   BANK2
      Params:         0       0       0       0       0
      Locals:         0       0       0       0       0
      Temps:          1       0       0       0       0
      Totals:         1       0       0       0       0
Total ram usage:        1 bytes
 Hardware stack levels used:    1
 This function calls:
		Nothing
 This function is called by:
		_main
 This function uses a non-reentrant model



MODULE INFORMATION

Module		Function		Class		Link	Load	Size
/opt/microchip/xc8/v1.33/sources/common/fldivl.c
		__div_to_l_    		CODE           	16CE	0000	306

/opt/microchip/xc8/v1.33/sources/common/fldivl.c estimated size: 306

/opt/microchip/xc8/v1.33/sources/common/ftneg.c
		___ftneg       		CODE           	1E3D	0000	8

/opt/microchip/xc8/v1.33/sources/common/ftneg.c estimated size: 8

/opt/microchip/xc8/v1.33/sources/common/ftsub.c
		___ftsub       		CODE           	1E61	0000	28

/opt/microchip/xc8/v1.33/sources/common/ftsub.c estimated size: 28

/opt/microchip/xc8/v1.33/sources/common/float.c
		___ftpack      		CODE           	1233	0000	104

/opt/microchip/xc8/v1.33/sources/common/float.c estimated size: 104

/opt/microchip/xc8/v1.33/sources/common/awmod.c
		___awmod       		CODE           	1F58	0000	77

/opt/microchip/xc8/v1.33/sources/common/awmod.c estimated size: 77

/opt/microchip/xc8/v1.33/sources/common/llmod.c
		___llmod       		CODE           	1F0C	0000	76

/opt/microchip/xc8/v1.33/sources/common/llmod.c estimated size: 76

/opt/microchip/xc8/v1.33/sources/common/ftge.c
		___ftge        		CODE           	11D4	0000	95

/opt/microchip/xc8/v1.33/sources/common/ftge.c estimated size: 95

/opt/microchip/xc8/v1.33/sources/common/isdigit.c
		_isdigit       		CODE           	1E53	0000	14

/opt/microchip/xc8/v1.33/sources/common/isdigit.c estimated size: 14

/opt/microchip/xc8/v1.33/sources/common/ftmul.c
		___ftmul       		CODE           	0009	0000	211

/opt/microchip/xc8/v1.33/sources/common/ftmul.c estimated size: 211

adc.c
		_ADC_Read      		CODE           	129B	0000	121
		_ADC_Init      		CODE           	1E7D	0000	31

adc.c estimated size: 152

/opt/microchip/xc8/v1.33/sources/common/doprnt.c
		_scale         		CODE           	0A5C	0000	671
		_sprintf       		CODE           	00DC	0000	1794
		_fround        		CODE           	08C0	0000	412

/opt/microchip/xc8/v1.33/sources/common/doprnt.c estimated size: 2877

/opt/microchip/xc8/v1.33/sources/common/awdiv.c
		___awdiv       		CODE           	1119	0000	93

/opt/microchip/xc8/v1.33/sources/common/awdiv.c estimated size: 93

/opt/microchip/xc8/v1.33/sources/common/lltoft.c
		___lltoft      		CODE           	1EDD	0000	47

/opt/microchip/xc8/v1.33/sources/common/lltoft.c estimated size: 47

shared
		__stringtab    		STRING         	1000	0000	6
		__stringdata   		STRING         	107C	0000	119
		__powers_      		STRING         	1055	0000	39
		_dpowers       		STRING         	1006	0000	40
		__npowers_     		STRING         	102E	0000	39
		__initializatio		CODE           	07DE	0000	30

shared estimated size: 273

/opt/microchip/xc8/v1.33/sources/common/lldiv.c
		___lldiv       		CODE           	1176	0000	94

/opt/microchip/xc8/v1.33/sources/common/lldiv.c estimated size: 94

/opt/microchip/xc8/v1.33/sources/common/Umul8.c
		___bmul        		CODE           	0804	0000	19

/opt/microchip/xc8/v1.33/sources/common/Umul8.c estimated size: 19

/opt/microchip/xc8/v1.33/sources/common/fttol.c
		___fttol       		CODE           	1314	0000	142

/opt/microchip/xc8/v1.33/sources/common/fttol.c estimated size: 142

lcd.c
		_LCD_Init      		CODE           	0817	0000	169
		_LCD_putc      		CODE           	13A2	0000	158
		_LCD_puts      		CODE           	1E9C	0000	31
		_LCD_putrs     		CODE           	1EBB	0000	34
		_LCD_Port      		CODE           	1440	0000	194
		_LCD_Write     		CODE           	1FA5	0000	91

lcd.c estimated size: 677

/opt/microchip/xc8/v1.33/sources/common/ftdivl.c
		__tdiv_to_l_   		CODE           	1502	0000	195

/opt/microchip/xc8/v1.33/sources/common/ftdivl.c estimated size: 195

/opt/microchip/xc8/v1.33/sources/common/ftadd.c
		___ftadd       		CODE           	15C5	0000	265

/opt/microchip/xc8/v1.33/sources/common/ftadd.c estimated size: 265

main.c
		_main          		CODE           	0CFB	0000	773
		_IO_Init       		CODE           	1E45	0000	14

main.c estimated size: 787

/opt/microchip/xc8/v1.33/sources/common/Umul16.c
		___wmul        		CODE           	10F6	0000	35

/opt/microchip/xc8/v1.33/sources/common/Umul16.c estimated size: 35

