Microchip MPLAB XC8 Compiler V1.33 ()

Linker command line:

--edf=/opt/microchip/xc8/v1.33/dat/en_msgs.txt -cs \
  -h+dist/default/production/lcd.X.production.sym \
  --cmf=dist/default/production/lcd.X.production.cmf -z -Q16F876A \
  -o/tmp/cgthsSC1z -Mdist/default/production/lcd.X.production.map -E1 \
  -ver=XC8 -ASTACK=012Eh-016fh -pstack=STACK -ACONST=00h-0FFhx32 \
  -ACODE=00h-07FFhx4 -ASTRCODE=00h-01FFFh -AENTRY=00h-0FFhx32 \
  -ASTRING=00h-0FFhx32 -ACOMMON=070h-07Fh -ABANK0=020h-06Fh \
  -ABANK1=0A0h-0EFh -ABANK2=0110h-016Fh -ABANK3=0190h-01EFh \
  -ARAM=020h-06Fh,0A0h-0EFh,0110h-016Fh,0190h-01EFh \
  -AABS1=020h-07Fh,0A0h-0EFh,0110h-016Fh,0190h-01EFh -ASFR0=00h-01Fh \
  -ASFR1=080h-09Fh -ASFR2=0100h-010Fh -ASFR3=0180h-018Fh \
  -preset_vec=00h,intentry,init,end_init -ppowerup=CODE -pcinit=CODE \
  -pfunctab=CODE -ACONFIG=02007h-02007h -pconfig=CONFIG -DCONFIG=2 \
  -AIDLOC=02000h-02003h -pidloc=IDLOC -DIDLOC=2 -AEEDATA=00h-0FFh/02100h \
  -peeprom_data=EEDATA -DEEDATA=2 -DCODE=2 -DSTRCODE=2 -DSTRING=2 -DCONST=2 \
  -DENTRY=2 -k /tmp/cgtw2lviu.obj \
  dist/default/production/lcd.X.production.obj 

Object code version is 3.11

Machine type is 16F876A



                Name                               Link     Load   Length Selector   Space Scale
/tmp/cgtw2lviu.obj
                end_init                              0        0        3        0       0
                config                             2007     2007        1     400E       0
dist/default/production/lcd.X.production.obj
                cinit                               7E3      7E3       1D      FC6       0
                text29                             1DCE     1DCE       1F     3B9C       0
                text28                             1FA2     1FA2       5E     3F44       0
                text27                             11D8     11D8       79     23B0       0
                text26                             1D85     1D85        E     3B0A       0
                text25                             1430     1430       C2     2860       0
                text24                             1EEA     1EEA       5B     3DD4       0
                text23                             137D     137D       B3     26FA       0
                text22                             12DF     12DF       9E     25BE       0
                text21                             1E0C     1E0C       22     3C18       0
                text20                             1DED     1DED       1F     3BDA       0
                text19                             1111     1111       5F     2222       0
                text18                             1D7B     1D7B        A     3AF6       0
                text17                             1170     1170       68     22E0       0
                text16                             15C5     15C5      109     2B8A       0
                text15                             1DB2     1DB2       1C     3B64       0
                text14                             1251     1251       8E     24A2       0
                text13                             1E51     1E51       4C     3CA2       0
                text12                              814      814       2F     1028       0
                text11                             1E2E     1E2E       23     3C5C       0
                text10                             16CE     16CE      132     2D9C       0
                text9                                 A        A       C3       14       0
                text8                              1F45     1F45       5D     3E8A       0
                text7                              1E9D     1E9D       4D     3D3A       0
                text6                               801      801       13     1002       0
                text5                              14F2     14F2       D3     29E4       0
                text4                               843      843      19C     1086       0
                text3                              1D93     1D93        E     3B26       0
                text2                               9DF      9DF      29F     13BE       0
                text1                                CD       CD      716      19A       0
                maintext                            C7E      C7E      382     18FC       0
                cstackBANK0                          20       20       4E       20       1
                cstackCOMMON                         70       70        E       70       1
                cstackBANK1                          A0       A0       50       A0       1
                cstackBANK3                         190      190       49      190       1
                inittext                           1DA1     1DA1       11     3B42       0
                dataBANK2                           110      110       1E      110       1
                dataBANK3                           1DE      1DE        5      190       1
                nvBANK3                             1D9      1D9        5      190       1
                strings                            1000     1000       F3     2000       0
                idataBANK3                            5        5        5        A       0
                idataBANK2                         10F3     10F3       1E     21E6       0

TOTAL           Name                               Link     Load   Length     Space
        CLASS   STACK          

        CLASS   CONST          

        CLASS   CODE           
                end_init                              0        0        3         0
                cinit                               7E3      7E3       1D         0
                text29                             1DCE     1DCE       1F         0
                text28                             1FA2     1FA2       5E         0
                text27                             11D8     11D8       79         0
                text26                             1D85     1D85        E         0
                text25                             1430     1430       C2         0
                text24                             1EEA     1EEA       5B         0
                text23                             137D     137D       B3         0
                text22                             12DF     12DF       9E         0
                text21                             1E0C     1E0C       22         0
                text20                             1DED     1DED       1F         0
                text19                             1111     1111       5F         0
                text18                             1D7B     1D7B        A         0
                text17                             1170     1170       68         0
                text16                             15C5     15C5      109         0
                text15                             1DB2     1DB2       1C         0
                text14                             1251     1251       8E         0
                text13                             1E51     1E51       4C         0
                text12                              814      814       2F         0
                text11                             1E2E     1E2E       23         0
                text10                             16CE     16CE      132         0
                text9                                 A        A       C3         0
                text8                              1F45     1F45       5D         0
                text7                              1E9D     1E9D       4D         0
                text6                               801      801       13         0
                text5                              14F2     14F2       D3         0
                text4                               843      843      19C         0
                text3                              1D93     1D93        E         0
                text2                               9DF      9DF      29F         0
                text1                                CD       CD      716         0
                maintext                            C7E      C7E      382         0
                inittext                           1DA1     1DA1       11         0
                idataBANK3                            5        5        5         0
                idataBANK2                         10F3     10F3       1E         0

        CLASS   STRCODE        

        CLASS   ENTRY          

        CLASS   STRING         
                strings                            1000     1000       F3         0

        CLASS   COMMON         
                cstackCOMMON                         70       70        E         1

        CLASS   BANK0          
                cstackBANK0                          20       20       4E         1

        CLASS   BANK1          
                cstackBANK1                          A0       A0       50         1

        CLASS   BANK2          
                dataBANK2                           110      110       1E         1

        CLASS   BANK3          
                cstackBANK3                         190      190       49         1
                dataBANK3                           1DE      1DE        5         1
                nvBANK3                             1D9      1D9        5         1

        CLASS   RAM            

        CLASS   ABS1           
                abs_s1                               7E       7E        2         1

        CLASS   SFR0           

        CLASS   SFR1           

        CLASS   SFR2           

        CLASS   SFR3           

        CLASS   CONFIG         
                config                             2007     2007        1         0

        CLASS   IDLOC          

        CLASS   EEDATA         



SEGMENTS        Name                           Load    Length   Top    Selector   Space  Class     Delta

                reset_vec                      000000  000003  000003         0       0  CODE        2
                idataBANK3                     000005  000005  00000A         A       0  CODE        2
                text9                          00000A  0000C3  0000CD        14       0  CODE        2
                cstackBANK0                    000020  00004E  00006E        20       1  BANK0       1
                cstackCOMMON                   000070  00000E  00007E        70       1  COMMON      1
                cstackBANK1                    0000A0  000050  0000F0        A0       1  BANK1       1
                dataBANK2                      000110  00001E  00012E       110       1  BANK2       1
                cstackBANK3                    000190  000053  0001E3       190       1  BANK3       1
                text1                          0000CD  000716  0007E3       19A       0  CODE        2
                cinit                          0007E3  00001D  000800       FC6       0  CODE        2
                text6                          000801  000013  000814      1002       0  CODE        2
                text12                         000814  00002F  000843      1028       0  CODE        2
                text4                          000843  00019C  0009DF      1086       0  CODE        2
                text2                          0009DF  00029F  000C7E      13BE       0  CODE        2
                maintext                       000C7E  000382  001000      18FC       0  CODE        2
                strings                        001000  0000F3  0010F3      2000       0  STRING      2
                idataBANK2                     0010F3  00001E  001111      21E6       0  CODE        2
                text19                         001111  00005F  001170      2222       0  CODE        2
                text17                         001170  000068  0011D8      22E0       0  CODE        2
                text27                         0011D8  000079  001251      23B0       0  CODE        2
                text14                         001251  00008E  0012DF      24A2       0  CODE        2
                text22                         0012DF  00009E  00137D      25BE       0  CODE        2
                text23                         00137D  0000B3  001430      26FA       0  CODE        2
                text25                         001430  0000C2  0014F2      2860       0  CODE        2
                text5                          0014F2  0000D3  0015C5      29E4       0  CODE        2
                text16                         0015C5  000109  0016CE      2B8A       0  CODE        2
                text10                         0016CE  000132  001800      2D9C       0  CODE        2
                text18                         001D7B  00000A  001D85      3AF6       0  CODE        2
                text26                         001D85  00000E  001D93      3B0A       0  CODE        2
                text3                          001D93  00000E  001DA1      3B26       0  CODE        2
                inittext                       001DA1  000011  001DB2      3B42       0  CODE        2
                text15                         001DB2  00001C  001DCE      3B64       0  CODE        2
                text29                         001DCE  00001F  001DED      3B9C       0  CODE        2
                text20                         001DED  00001F  001E0C      3BDA       0  CODE        2
                text21                         001E0C  000022  001E2E      3C18       0  CODE        2
                text11                         001E2E  000023  001E51      3C5C       0  CODE        2
                text13                         001E51  00004C  001E9D      3CA2       0  CODE        2
                text7                          001E9D  00004D  001EEA      3D3A       0  CODE        2
                text24                         001EEA  00005B  001F45      3DD4       0  CODE        2
                text8                          001F45  00005D  001FA2      3E8A       0  CODE        2
                text28                         001FA2  00005E  002000      3F44       0  CODE        2
                config                         002007  000001  002008      400E       0  CONFIG      2


UNUSED ADDRESS RANGES

        Name                Unused          Largest block    Delta
        BANK0            006E-006F              2           1
        BANK2            012E-016F             42           1
        BANK3            01E3-01EF              D           1
        CODE             0003-0004              2           2
                         0800-0800              1
                         1800-1D7A            57B
        CONST            0003-0004              2           2
                         0800-0800              1
                         1800-1D7A            100
        EEDATA           2100-21FF            100           2
        ENTRY            0003-0004              2           2
                         0800-0800              1
                         1800-1D7A            100
        IDLOC            2000-2003              4           2
        RAM              006E-006F              2           1
                         012E-016F             42
                         01E3-01EF              D
        SFR0             0000-001F             20           1
        SFR1             0080-009F             20           1
        SFR2             0100-010F             10           1
        SFR3             0180-018F             10           1
        STACK            012E-016F             42           1
        STRCODE          0003-0004              2           2
                         0800-0800              1
                         1800-1D7A            57B
        STRING           0003-0004              2           2
                         0800-0800              1
                         1800-1D7A            100

                                  Symbol Table

?_ADC_Read               cstackBANK0  0020
?___awdiv                cstackCOMMON 0077
?___awmod                cstackCOMMON 0070
?___ftadd                cstackBANK0  0055
?___ftmul                cstackBANK0  0035
?___ftneg                cstackBANK0  0027
?___ftpack               cstackCOMMON 0070
?___ftsub                cstackBANK0  0062
?___fttol                cstackBANK0  004E
?___lldiv                cstackCOMMON 0070
?___llmod                cstackCOMMON 0070
?___lltoft               cstackBANK0  002F
?___wmul                 cstackCOMMON 0070
?__div_to_l_             cstackCOMMON 0070
?__tdiv_to_l_            cstackCOMMON 0070
?_fround                 cstackBANK0  0045
?_scale                  cstackBANK0  0045
?_sprintf                cstackBANK0  0068
ADC_Read@ADCResult       cstackBANK0  0028
ADC_Read@channel         cstackBANK0  002E
ADC_Read@i               cstackBANK0  002C
ADC_Read@samples         cstackBANK0  0020
LCD_Init@cmd             cstackCOMMON 007D
LCD_Init@display         cstackCOMMON 0078
LCD_Out@c                cstackCOMMON 0073
LCD_Write@c              cstackCOMMON 0077
LCD_putc@c               cstackCOMMON 0077
LCD_putrs@a              cstackCOMMON 007A
LCD_putrs@i              cstackCOMMON 0078
LCD_puts@a               cstackCOMMON 007B
LCD_puts@i               cstackCOMMON 0079
_ADCON0bits              (abs)        001F
_ADCON1bits              (abs)        009F
_ADC_Init                text29       1DCE
_ADC_Read                text27       11D8
_ADRESH                  (abs)        001E
_ADRESL                  (abs)        009E
_IO_Init                 text26       1D85
_LCD_Init                text23       137D
_LCD_Out                 text25       1430
_LCD_Write               text24       1EEA
_LCD_putc                text22       12DF
_LCD_putrs               text21       1E0C
_LCD_puts                text20       1DED
_OPTION_REGbits          (abs)        0081
_PORTA                   (abs)        0005
_PORTB                   (abs)        0006
_PORTBbits               (abs)        0006
_PORTC                   (abs)        0007
_PORTCbits               (abs)        0007
_TRISA                   (abs)        0085
_TRISB                   (abs)        0086
_TRISBbits               (abs)        0086
_TRISC                   (abs)        0087
_TRISCbits               (abs)        0087
__CFG_BOREN$ON           (abs)        0000
__CFG_CP$OFF             (abs)        0000
__CFG_CPD$OFF            (abs)        0000
__CFG_FOSC$HS            (abs)        0000
__CFG_LVP$OFF            (abs)        0000
__CFG_PWRTE$OFF          (abs)        0000
__CFG_WDTE$OFF           (abs)        0000
__CFG_WRT$OFF            (abs)        0000
__Habs1                  abs1         0000
__Hbank0                 bank0        0000
__Hbank1                 bank1        0000
__Hbank2                 bank2        0000
__Hbank3                 bank3        0000
__Hcinit                 cinit        0800
__Hclrtext               clrtext      0000
__Hcode                  code         0000
__Hcommon                common       0000
__Hconfig                config       2008
__HcstackBANK0           cstackBANK0  0000
__HcstackBANK1           cstackBANK1  0000
__HcstackBANK3           cstackBANK3  0000
__HcstackCOMMON          cstackCOMMON 0000
__HdataBANK2             dataBANK2    0000
__HdataBANK3             dataBANK3    0000
__Heeprom_data           eeprom_data  0000
__Hend_init              end_init     0003
__Hfunctab               functab      0000
__HidataBANK2            idataBANK2   0000
__HidataBANK3            idataBANK3   0000
__Hidloc                 idloc        0000
__Hinit                  init         0000
__Hinittext              inittext     0000
__Hintentry              intentry     0000
__Hmaintext              maintext     0000
__HnvBANK3               nvBANK3      0000
__Hpowerup               powerup      0000
__Hram                   ram          0000
__Hreset_vec             reset_vec    0000
__Hsfr0                  sfr0         0000
__Hsfr1                  sfr1         0000
__Hsfr2                  sfr2         0000
__Hsfr3                  sfr3         0000
__Hspace_0               (abs)        2008
__Hspace_1               (abs)        01E3
__Hspace_2               (abs)        0000
__Hspace_3               (abs)        0000
__Hstack                 stack        0000
__Hstrings               strings      0000
__Htext                  text         0000
__Labs1                  abs1         0000
__Lbank0                 bank0        0000
__Lbank1                 bank1        0000
__Lbank2                 bank2        0000
__Lbank3                 bank3        0000
__Lcinit                 cinit        07E3
__Lclrtext               clrtext      0000
__Lcode                  code         0000
__Lcommon                common       0000
__Lconfig                config       2007
__LcstackBANK0           cstackBANK0  0000
__LcstackBANK1           cstackBANK1  0000
__LcstackBANK3           cstackBANK3  0000
__LcstackCOMMON          cstackCOMMON 0000
__LdataBANK2             dataBANK2    0000
__LdataBANK3             dataBANK3    0000
__Leeprom_data           eeprom_data  0000
__Lend_init              end_init     0000
__Lfunctab               functab      0000
__LidataBANK2            idataBANK2   0000
__LidataBANK3            idataBANK3   0000
__Lidloc                 idloc        0000
__Linit                  init         0000
__Linittext              inittext     0000
__Lintentry              intentry     0000
__Lmaintext              maintext     0000
__LnvBANK3               nvBANK3      0000
__Lpowerup               powerup      0000
__Lram                   ram          0000
__Lreset_vec             reset_vec    0000
__Lsfr0                  sfr0         0000
__Lsfr1                  sfr1         0000
__Lsfr2                  sfr2         0000
__Lsfr3                  sfr3         0000
__Lspace_0               (abs)        0000
__Lspace_1               (abs)        0000
__Lspace_2               (abs)        0000
__Lspace_3               (abs)        0000
__Lstack                 stack        0000
__Lstrings               strings      0000
__Ltext                  text         0000
__S0                     (abs)        2008
__S1                     (abs)        01E3
__S2                     (abs)        0000
__S3                     (abs)        0000
___awdiv                 text8        1F45
___awdiv@counter         cstackBANK0  0020
___awdiv@dividend        cstackCOMMON 0079
___awdiv@divisor         cstackCOMMON 0077
___awdiv@quotient        cstackBANK0  0022
___awdiv@sign            cstackBANK0  0021
___awmod                 text7        1E9D
___awmod@counter         cstackCOMMON 0075
___awmod@dividend        cstackCOMMON 0072
___awmod@divisor         cstackCOMMON 0070
___awmod@sign            cstackCOMMON 0076
___bmul                  text6        0801
___bmul@multiplicand     cstackBANK0  0024
___bmul@multiplier       cstackBANK0  0026
___bmul@product          cstackBANK0  0025
___ftadd                 text16       15C5
___ftadd@exp1            cstackBANK0  0061
___ftadd@exp2            cstackBANK0  0060
___ftadd@f1              cstackBANK0  0055
___ftadd@f2              cstackBANK0  0058
___ftadd@sign            cstackBANK0  005F
___ftge                  text19       1111
___ftge@ff1              cstackBANK0  0027
___ftge@ff2              cstackBANK0  002A
___ftmul                 text5        14F2
___ftmul@cntr            cstackBANK0  0043
___ftmul@exp             cstackBANK0  003F
___ftmul@f1              cstackBANK0  0035
___ftmul@f2              cstackBANK0  0038
___ftmul@f3_as_product   cstackBANK0  0040
___ftmul@sign            cstackBANK0  0044
___ftneg                 text18       1D7B
___ftneg@f1              cstackBANK0  0027
___ftpack                text17       1170
___ftpack@arg            cstackCOMMON 0070
___ftpack@exp            cstackCOMMON 0073
___ftpack@sign           cstackCOMMON 0074
___ftsub                 text15       1DB2
___ftsub@f1              cstackBANK0  0065
___ftsub@f2              cstackBANK0  0062
___fttol                 text14       1251
___fttol@exp1            cstackBANK0  005B
___fttol@f1              cstackBANK0  004E
___fttol@lval            cstackBANK0  0057
___fttol@sign1           cstackBANK0  0056
___int_sp                stack        0000
___latbits               (abs)        0002
___lldiv                 text28       1FA2
___lldiv@counter         cstackCOMMON 007D
___lldiv@dividend        cstackCOMMON 0074
___lldiv@divisor         cstackCOMMON 0070
___lldiv@quotient        cstackCOMMON 0079
___llmod                 text13       1E51
___llmod@counter         cstackCOMMON 0079
___llmod@dividend        cstackCOMMON 0074
___llmod@divisor         cstackCOMMON 0070
___lltoft                text12       0814
___lltoft@c              cstackBANK0  002F
___lltoft@exp            cstackBANK0  0034
___sp                    stack        0000
___wmul                  text11       1E2E
___wmul@multiplicand     cstackCOMMON 0072
___wmul@multiplier       cstackCOMMON 0070
___wmul@product          cstackCOMMON 0074
__div_to_l_              text10       16CE
__div_to_l_@cntr         cstackBANK0  0024
__div_to_l_@exp1         cstackBANK0  0025
__div_to_l_@f1           cstackCOMMON 0070
__div_to_l_@f2           cstackCOMMON 0073
__div_to_l_@quot         cstackBANK0  0020
__end_of_ADC_Init        text29       1DED
__end_of_ADC_Read        text27       1251
__end_of_IO_Init         text26       1D93
__end_of_LCD_Init        text23       1430
__end_of_LCD_Out         text25       14F2
__end_of_LCD_Write       text24       1F45
__end_of_LCD_putc        text22       137D
__end_of_LCD_putrs       text21       1E2E
__end_of_LCD_puts        text20       1E0C
__end_of___awdiv         text8        1FA2
__end_of___awmod         text7        1EEA
__end_of___bmul          text6        0814
__end_of___ftadd         text16       16CE
__end_of___ftge          text19       1170
__end_of___ftmul         text5        15C5
__end_of___ftneg         text18       1D85
__end_of___ftpack        text17       11D8
__end_of___ftsub         text15       1DCE
__end_of___fttol         text14       12DF
__end_of___lldiv         text28       2000
__end_of___llmod         text13       1E9D
__end_of___lltoft        text12       0843
__end_of___wmul          text11       1E51
__end_of__div_to_l_      text10       1800
__end_of__initialization cinit        07FC
__end_of__npowers_       strings      1055
__end_of__powers_        strings      107C
__end_of__stringdata     strings      10F3
__end_of__stringtab      strings      1006
__end_of__tdiv_to_l_     text9        00CD
__end_of_dpowers         strings      102E
__end_of_fround          text4        09DF
__end_of_isdigit         text3        1DA1
__end_of_main            maintext     1000
__end_of_scale           text2        0C7E
__end_of_sprintf         text1        07E3
__initialization         cinit        07E3
__npowers_               strings      102E
__pcstackBANK0           cstackBANK0  0020
__pcstackBANK1           cstackBANK1  00A0
__pcstackBANK3           cstackBANK3  0190
__pcstackCOMMON          cstackCOMMON 0070
__pdataBANK2             dataBANK2    0110
__pdataBANK3             dataBANK3    01DE
__pidataBANK2            idataBANK2   10F3
__pidataBANK3            idataBANK3   0005
__pmaintext              maintext     0C7E
__pnvBANK3               nvBANK3      01D9
__powers_                strings      1055
__pstrings               strings      1000
__ptext1                 text1        00CD
__ptext10                text10       16CE
__ptext11                text11       1E2E
__ptext12                text12       0814
__ptext13                text13       1E51
__ptext14                text14       1251
__ptext15                text15       1DB2
__ptext16                text16       15C5
__ptext17                text17       1170
__ptext18                text18       1D7B
__ptext19                text19       1111
__ptext2                 text2        09DF
__ptext20                text20       1DED
__ptext21                text21       1E0C
__ptext22                text22       12DF
__ptext23                text23       137D
__ptext24                text24       1EEA
__ptext25                text25       1430
__ptext26                text26       1D85
__ptext27                text27       11D8
__ptext28                text28       1FA2
__ptext29                text29       1DCE
__ptext3                 text3        1D93
__ptext4                 text4        0843
__ptext5                 text5        14F2
__ptext6                 text6        0801
__ptext7                 text7        1E9D
__ptext8                 text8        1F45
__ptext9                 text9        000A
__size_of_ADC_Init       (abs)        0000
__size_of_ADC_Read       (abs)        0000
__size_of_IO_Init        (abs)        0000
__size_of_LCD_Init       (abs)        0000
__size_of_LCD_Out        (abs)        0000
__size_of_LCD_Write      (abs)        0000
__size_of_LCD_putc       (abs)        0000
__size_of_LCD_putrs      (abs)        0000
__size_of_LCD_puts       (abs)        0000
__size_of___awdiv        (abs)        0000
__size_of___awmod        (abs)        0000
__size_of___bmul         (abs)        0000
__size_of___ftadd        (abs)        0000
__size_of___ftge         (abs)        0000
__size_of___ftmul        (abs)        0000
__size_of___ftneg        (abs)        0000
__size_of___ftpack       (abs)        0000
__size_of___ftsub        (abs)        0000
__size_of___fttol        (abs)        0000
__size_of___lldiv        (abs)        0000
__size_of___llmod        (abs)        0000
__size_of___lltoft       (abs)        0000
__size_of___wmul         (abs)        0000
__size_of__div_to_l_     (abs)        0000
__size_of__tdiv_to_l_    (abs)        0000
__size_of_fround         (abs)        0000
__size_of_isdigit        (abs)        0000
__size_of_main           (abs)        0000
__size_of_scale          (abs)        0000
__size_of_sprintf        (abs)        0000
__stringbase             strings      1005
__stringdata             strings      107C
__stringtab              strings      1000
__tdiv_to_l_             text9        000A
__tdiv_to_l_@cntr        cstackBANK0  0024
__tdiv_to_l_@exp1        cstackBANK0  0025
__tdiv_to_l_@f1          cstackCOMMON 0070
__tdiv_to_l_@f2          cstackCOMMON 0073
__tdiv_to_l_@quot        cstackBANK0  0020
_dpowers                 strings      1006
_fround                  text4        0843
_fround$877              cstackBANK0  0051
_fround$878              cstackBANK0  004E
_isdigit                 text3        1D93
_isdigit$667             cstackCOMMON 0070
_lcd                     nvBANK3      01D9
_main                    maintext     0C7E
_main$881                cstackBANK3  01D2
_main$882                cstackBANK3  01D5
_scale                   text2        09DF
_scale$879               cstackBANK0  004A
_sprintf                 text1        00CD
_sprintf$467             cstackBANK1  00A9
_sprintf$880             cstackBANK1  00A6
btemp                    (abs)        007E
end_of_initialization    cinit        07FC
fround@prec              cstackBANK0  0054
init_fetch0              inittext     1DA1
init_ram0                inittext     1DA5
intlevel0                functab      0000
intlevel1                functab      0000
intlevel2                functab      0000
intlevel3                functab      0000
intlevel4                functab      0000
intlevel5                functab      0000
isdigit@c                cstackCOMMON 0071
ltemp                    (abs)        007E
ltemp0                   (abs)        007E
ltemp1                   (abs)        0082
ltemp2                   (abs)        0086
ltemp3                   (abs)        0080
main@F1209               dataBANK3    01DE
main@F1211               dataBANK2    0110
main@F1213               dataBANK2    011F
main@current             cstackBANK3  01BD
main@current_mult        cstackBANK1  00D0
main@current_str         cstackBANK3  0190
main@current_sub         cstackBANK1  00DF
main@i                   cstackBANK3  01D7
main@lcd                 cstackBANK3  01CC
main@screen_id           cstackBANK3  01D6
main@start_channel       cstackBANK1  00EF
main@stop_channel        cstackBANK3  01D1
main@toggled_backlight   cstackBANK0  006D
main@toggled_power       cstackBANK1  00EE
main@toggled_screen      cstackBANK0  006C
reset_vec                reset_vec    0000
scale@scl                cstackBANK0  004D
sprintf@_val             cstackBANK1  00B9
sprintf@ap               cstackBANK1  00AD
sprintf@c                cstackBANK1  00C9
sprintf@exp              cstackBANK1  00C1
sprintf@f                cstackBANK0  0068
sprintf@flag             cstackBANK1  00BD
sprintf@fval             cstackBANK1  00C3
sprintf@integ            cstackBANK1  00B6
sprintf@prec             cstackBANK1  00C7
sprintf@sp               cstackBANK1  00C6
sprintf@vd               cstackBANK1  00AE
sprintf@vd_469           cstackBANK1  00B2
sprintf@width            cstackBANK1  00BF
stackhi                  (abs)        0000
stacklo                  (abs)        0000
start                    init         0000
start_initialization     cinit        07E3
ttemp                    (abs)        007E
ttemp0                   (abs)        007E
ttemp1                   (abs)        0081
ttemp2                   (abs)        0084
ttemp3                   (abs)        0087
ttemp4                   (abs)        007F
wtemp                    (abs)        007E
wtemp0                   (abs)        007E
wtemp1                   (abs)        0080
wtemp2                   (abs)        0082
wtemp3                   (abs)        0084
wtemp4                   (abs)        0086
wtemp5                   (abs)        0088
wtemp6                   (abs)        007F


FUNCTION INFORMATION:

 *************** function _main *****************
 Defined at:
		line 69 in file "main.c"
 Parameters:    Size  Location     Type
		None
 Auto vars:     Size  Location     Type
  i               2   71[BANK3 ] int 
  current_str    45    0[BANK3 ] unsigned char [9][5]
  current        15   45[BANK3 ] [5]
  current_sub    15   63[BANK1 ] [5]
  current_mult   15   48[BANK1 ] [5]
  lcd             5   60[BANK3 ] struct .
  screen_id       1   70[BANK3 ] unsigned char 
  stop_channel    1   65[BANK3 ] unsigned char 
  start_channe    1   79[BANK1 ] unsigned char 
  toggled_powe    1   78[BANK1 ] unsigned char 
  toggled_back    1   77[BANK0 ] unsigned char 
  toggled_scre    1   76[BANK0 ] unsigned char 
 Return value:  Size  Location     Type
                  2   32[COMMON] int 
 Registers used:
		wreg, fsr0l, fsr0h, status,2, status,0, btemp+1, pclath, cstack
 Tracked objects:
		On entry : 
		On exit  : 
		Unchanged: 
 Data sizes:     COMMON   BANK0   BANK1   BANK3   BANK2
      Params:         0       0       0       0       0
      Locals:         0       2      32      73       0
      Temps:          0       0       6       0       0
      Totals:         0       2      38      73       0
Total ram usage:      113 bytes
 Hardware stack levels required when called:    4
 This function calls:
		_ADC_Init
		_ADC_Read
		_IO_Init
		_LCD_Init
		_LCD_Write
		_LCD_putrs
		_LCD_puts
		___bmul
		___ftadd
		___ftge
		___ftmul
		___ftneg
		___lltoft
		_sprintf
 This function is called by:
		Startup code after reset
 This function uses a non-reentrant model


 *************** function _sprintf *****************
 Defined at:
		line 492 in file "/opt/microchip/xc8/v1.33/sources/common/doprnt.c"
 Parameters:    Size  Location     Type
  sp              1    wreg     PTR unsigned char 
		 -> main@current_str(45), 
  f               1   72[BANK0 ] PTR const unsigned char 
		 -> STR_4(7), STR_3(7), 
 Auto vars:     Size  Location     Type
  sp              1   38[BANK1 ] PTR unsigned char 
		 -> main@current_str(45), 
  vd              4   14[BANK1 ] unsigned long 
  vd              4   18[BANK1 ] unsigned long 
  _val            4   25[BANK1 ] struct .
  fval            3   35[BANK1 ] struct .
  integ           3   22[BANK1 ] struct .
  ival            3    0        struct .
  prec            2   39[BANK1 ] int 
  exp             2   33[BANK1 ] int 
  width           2   31[BANK1 ] int 
  flag            2   29[BANK1 ] unsigned short 
  c               1   41[BANK1 ] char 
  ap              1   13[BANK1 ] PTR void [1]
		 -> ?_sprintf(2), 
  d               1    0        unsigned char 
 Return value:  Size  Location     Type
                  2   72[BANK0 ] int 
 Registers used:
		wreg, fsr0l, fsr0h, status,2, status,0, btemp+1, pclath, cstack
 Tracked objects:
		On entry : 
		On exit  : 
		Unchanged: 
 Data sizes:     COMMON   BANK0   BANK1   BANK3   BANK2
      Params:         0       4       0       0       0
      Locals:         0       0      36       0       0
      Temps:          0       0       6       0       0
      Totals:         0       4      42       0       0
Total ram usage:       46 bytes
 Hardware stack levels used:    1
 Hardware stack levels required when called:    3
 This function calls:
		___awdiv
		___ftadd
		___ftge
		___ftmul
		___ftneg
		___ftsub
		___fttol
		___lldiv
		___llmod
		___lltoft
		___wmul
		__div_to_l_
		__tdiv_to_l_
		_fround
		_isdigit
		_scale
 This function is called by:
		_main
 This function uses a non-reentrant model


 *************** function _scale *****************
 Defined at:
		line 425 in file "/opt/microchip/xc8/v1.33/sources/common/doprnt.c"
 Parameters:    Size  Location     Type
  scl             1    wreg     char 
 Auto vars:     Size  Location     Type
  scl             1   45[BANK0 ] char 
 Return value:  Size  Location     Type
                  3   37[BANK0 ] char 
 Registers used:
		wreg, fsr0l, fsr0h, status,2, status,0, pclath, cstack
 Tracked objects:
		On entry : 
		On exit  : 
		Unchanged: 
 Data sizes:     COMMON   BANK0   BANK1   BANK3   BANK2
      Params:         0       3       0       0       0
      Locals:         0       4       0       0       0
      Temps:          0       2       0       0       0
      Totals:         0       9       0       0       0
Total ram usage:        9 bytes
 Hardware stack levels used:    1
 Hardware stack levels required when called:    2
 This function calls:
		___awdiv
		___awmod
		___bmul
		___ftmul
 This function is called by:
		_sprintf
 This function uses a non-reentrant model


 *************** function _isdigit *****************
 Defined at:
		line 8 in file "/opt/microchip/xc8/v1.33/sources/common/isdigit.c"
 Parameters:    Size  Location     Type
  c               1    wreg     unsigned char 
 Auto vars:     Size  Location     Type
  c               1    1[COMMON] unsigned char 
 Return value:  Size  Location     Type
		None               void
 Registers used:
		wreg, status,2, status,0
 Tracked objects:
		On entry : 
		On exit  : 
		Unchanged: 
 Data sizes:     COMMON   BANK0   BANK1   BANK3   BANK2
      Params:         0       0       0       0       0
      Locals:         2       0       0       0       0
      Temps:          0       0       0       0       0
      Totals:         2       0       0       0       0
Total ram usage:        2 bytes
 Hardware stack levels used:    1
 This function calls:
		Nothing
 This function is called by:
		_sprintf
 This function uses a non-reentrant model


 *************** function _fround *****************
 Defined at:
		line 409 in file "/opt/microchip/xc8/v1.33/sources/common/doprnt.c"
 Parameters:    Size  Location     Type
  prec            1    wreg     unsigned char 
 Auto vars:     Size  Location     Type
  prec            1   52[BANK0 ] unsigned char 
 Return value:  Size  Location     Type
                  3   37[BANK0 ] unsigned char 
 Registers used:
		wreg, fsr0l, fsr0h, status,2, status,0, pclath, cstack
 Tracked objects:
		On entry : 
		On exit  : 
		Unchanged: 
 Data sizes:     COMMON   BANK0   BANK1   BANK3   BANK2
      Params:         0       3       0       0       0
      Locals:         0       7       0       0       0
      Temps:          0       6       0       0       0
      Totals:         0      16       0       0       0
Total ram usage:       16 bytes
 Hardware stack levels used:    1
 Hardware stack levels required when called:    2
 This function calls:
		___awdiv
		___awmod
		___bmul
		___ftmul
 This function is called by:
		_sprintf
 This function uses a non-reentrant model


 *************** function ___ftmul *****************
 Defined at:
		line 62 in file "/opt/microchip/xc8/v1.33/sources/common/ftmul.c"
 Parameters:    Size  Location     Type
  f1              3   21[BANK0 ] float 
  f2              3   24[BANK0 ] float 
 Auto vars:     Size  Location     Type
  f3_as_produc    3   32[BANK0 ] unsigned um
  sign            1   36[BANK0 ] unsigned char 
  cntr            1   35[BANK0 ] unsigned char 
  exp             1   31[BANK0 ] unsigned char 
 Return value:  Size  Location     Type
                  3   21[BANK0 ] float 
 Registers used:
		wreg, status,2, status,0, pclath, cstack
 Tracked objects:
		On entry : 
		On exit  : 
		Unchanged: 
 Data sizes:     COMMON   BANK0   BANK1   BANK3   BANK2
      Params:         0       6       0       0       0
      Locals:         0       6       0       0       0
      Temps:          0       4       0       0       0
      Totals:         0      16       0       0       0
Total ram usage:       16 bytes
 Hardware stack levels used:    1
 Hardware stack levels required when called:    1
 This function calls:
		___ftpack
 This function is called by:
		_main
		_fround
		_scale
		_sprintf
 This function uses a non-reentrant model


 *************** function ___bmul *****************
 Defined at:
		line 4 in file "/opt/microchip/xc8/v1.33/sources/common/Umul8.c"
 Parameters:    Size  Location     Type
  multiplier      1    wreg     unsigned char 
  multiplicand    1    4[BANK0 ] unsigned char 
 Auto vars:     Size  Location     Type
  multiplier      1    6[BANK0 ] unsigned char 
  product         1    5[BANK0 ] unsigned char 
 Return value:  Size  Location     Type
                  1    wreg      unsigned char 
 Registers used:
		wreg, status,2, status,0
 Tracked objects:
		On entry : 
		On exit  : 
		Unchanged: 
 Data sizes:     COMMON   BANK0   BANK1   BANK3   BANK2
      Params:         0       1       0       0       0
      Locals:         0       2       0       0       0
      Temps:          1       0       0       0       0
      Totals:         1       3       0       0       0
Total ram usage:        4 bytes
 Hardware stack levels used:    1
 This function calls:
		Nothing
 This function is called by:
		_main
		_fround
		_scale
 This function uses a non-reentrant model


 *************** function ___awmod *****************
 Defined at:
		line 6 in file "/opt/microchip/xc8/v1.33/sources/common/awmod.c"
 Parameters:    Size  Location     Type
  divisor         2    0[COMMON] int 
  dividend        2    2[COMMON] int 
 Auto vars:     Size  Location     Type
  sign            1    6[COMMON] unsigned char 
  counter         1    5[COMMON] unsigned char 
 Return value:  Size  Location     Type
                  2    0[COMMON] int 
 Registers used:
		wreg, status,2, status,0
 Tracked objects:
		On entry : 
		On exit  : 
		Unchanged: 
 Data sizes:     COMMON   BANK0   BANK1   BANK3   BANK2
      Params:         4       0       0       0       0
      Locals:         2       0       0       0       0
      Temps:          1       0       0       0       0
      Totals:         7       0       0       0       0
Total ram usage:        7 bytes
 Hardware stack levels used:    1
 This function calls:
		Nothing
 This function is called by:
		_fround
		_scale
 This function uses a non-reentrant model


 *************** function ___awdiv *****************
 Defined at:
		line 6 in file "/opt/microchip/xc8/v1.33/sources/common/awdiv.c"
 Parameters:    Size  Location     Type
  divisor         2    7[COMMON] int 
  dividend        2    9[COMMON] int 
 Auto vars:     Size  Location     Type
  quotient        2    2[BANK0 ] int 
  sign            1    1[BANK0 ] unsigned char 
  counter         1    0[BANK0 ] unsigned char 
 Return value:  Size  Location     Type
                  2    7[COMMON] int 
 Registers used:
		wreg, status,2, status,0
 Tracked objects:
		On entry : 
		On exit  : 
		Unchanged: 
 Data sizes:     COMMON   BANK0   BANK1   BANK3   BANK2
      Params:         4       0       0       0       0
      Locals:         0       4       0       0       0
      Temps:          1       0       0       0       0
      Totals:         5       4       0       0       0
Total ram usage:        9 bytes
 Hardware stack levels used:    1
 This function calls:
		Nothing
 This function is called by:
		_fround
		_scale
		_sprintf
 This function uses a non-reentrant model


 *************** function __tdiv_to_l_ *****************
 Defined at:
		line 60 in file "/opt/microchip/xc8/v1.33/sources/common/ftdivl.c"
 Parameters:    Size  Location     Type
  f1              3    0[COMMON] float 
  f2              3    3[COMMON] float 
 Auto vars:     Size  Location     Type
  quot            4    0[BANK0 ] unsigned long 
  exp1            1    5[BANK0 ] unsigned char 
  cntr            1    4[BANK0 ] unsigned char 
 Return value:  Size  Location     Type
                  4    0[COMMON] unsigned long 
 Registers used:
		wreg, status,2, status,0
 Tracked objects:
		On entry : 
		On exit  : 
		Unchanged: 
 Data sizes:     COMMON   BANK0   BANK1   BANK3   BANK2
      Params:         6       0       0       0       0
      Locals:         0       6       0       0       0
      Temps:          4       0       0       0       0
      Totals:        10       6       0       0       0
Total ram usage:       16 bytes
 Hardware stack levels used:    1
 This function calls:
		Nothing
 This function is called by:
		_sprintf
 This function uses a non-reentrant model


 *************** function __div_to_l_ *****************
 Defined at:
		line 60 in file "/opt/microchip/xc8/v1.33/sources/common/fldivl.c"
 Parameters:    Size  Location     Type
  f1              3    0[COMMON] unsigned long 
  f2              3    3[COMMON] unsigned long 
 Auto vars:     Size  Location     Type
  quot            4    0[BANK0 ] unsigned long 
  exp1            1    5[BANK0 ] unsigned char 
  cntr            1    4[BANK0 ] unsigned char 
 Return value:  Size  Location     Type
                  4    0[COMMON] unsigned long 
 Registers used:
		wreg, fsr0l, fsr0h, status,2, status,0
 Tracked objects:
		On entry : 
		On exit  : 
		Unchanged: 
 Data sizes:     COMMON   BANK0   BANK1   BANK3   BANK2
      Params:         6       0       0       0       0
      Locals:         0       6       0       0       0
      Temps:          8       0       0       0       0
      Totals:        14       6       0       0       0
Total ram usage:       20 bytes
 Hardware stack levels used:    1
 This function calls:
		Nothing
 This function is called by:
		_sprintf
 This function uses a non-reentrant model


 *************** function ___wmul *****************
 Defined at:
		line 15 in file "/opt/microchip/xc8/v1.33/sources/common/Umul16.c"
 Parameters:    Size  Location     Type
  multiplier      2    0[COMMON] unsigned int 
  multiplicand    2    2[COMMON] unsigned int 
 Auto vars:     Size  Location     Type
  product         2    4[COMMON] unsigned int 
 Return value:  Size  Location     Type
                  2    0[COMMON] unsigned int 
 Registers used:
		wreg, status,2, status,0
 Tracked objects:
		On entry : 
		On exit  : 
		Unchanged: 
 Data sizes:     COMMON   BANK0   BANK1   BANK3   BANK2
      Params:         4       0       0       0       0
      Locals:         2       0       0       0       0
      Temps:          0       0       0       0       0
      Totals:         6       0       0       0       0
Total ram usage:        6 bytes
 Hardware stack levels used:    1
 This function calls:
		Nothing
 This function is called by:
		_sprintf
 This function uses a non-reentrant model


 *************** function ___lltoft *****************
 Defined at:
		line 35 in file "/opt/microchip/xc8/v1.33/sources/common/lltoft.c"
 Parameters:    Size  Location     Type
  c               4   15[BANK0 ] unsigned long 
 Auto vars:     Size  Location     Type
  exp             1   20[BANK0 ] unsigned char 
 Return value:  Size  Location     Type
                  3   15[BANK0 ] float 
 Registers used:
		wreg, status,2, status,0, pclath, cstack
 Tracked objects:
		On entry : 
		On exit  : 
		Unchanged: 
 Data sizes:     COMMON   BANK0   BANK1   BANK3   BANK2
      Params:         0       4       0       0       0
      Locals:         0       1       0       0       0
      Temps:          0       1       0       0       0
      Totals:         0       6       0       0       0
Total ram usage:        6 bytes
 Hardware stack levels used:    1
 Hardware stack levels required when called:    1
 This function calls:
		___ftpack
 This function is called by:
		_main
		_sprintf
 This function uses a non-reentrant model


 *************** function ___llmod *****************
 Defined at:
		line 6 in file "/opt/microchip/xc8/v1.33/sources/common/llmod.c"
 Parameters:    Size  Location     Type
  divisor         4    0[COMMON] unsigned long 
  dividend        4    4[COMMON] unsigned long 
 Auto vars:     Size  Location     Type
  counter         1    9[COMMON] unsigned char 
 Return value:  Size  Location     Type
                  4    0[COMMON] unsigned long 
 Registers used:
		wreg, status,2, status,0
 Tracked objects:
		On entry : 
		On exit  : 
		Unchanged: 
 Data sizes:     COMMON   BANK0   BANK1   BANK3   BANK2
      Params:         8       0       0       0       0
      Locals:         1       0       0       0       0
      Temps:          1       0       0       0       0
      Totals:        10       0       0       0       0
Total ram usage:       10 bytes
 Hardware stack levels used:    1
 This function calls:
		Nothing
 This function is called by:
		_sprintf
 This function uses a non-reentrant model


 *************** function ___fttol *****************
 Defined at:
		line 44 in file "/opt/microchip/xc8/v1.33/sources/common/fttol.c"
 Parameters:    Size  Location     Type
  f1              3   46[BANK0 ] float 
 Auto vars:     Size  Location     Type
  lval            4   55[BANK0 ] unsigned long 
  exp1            1   59[BANK0 ] unsigned char 
  sign1           1   54[BANK0 ] unsigned char 
 Return value:  Size  Location     Type
                  4   46[BANK0 ] long 
 Registers used:
		wreg, status,2, status,0
 Tracked objects:
		On entry : 
		On exit  : 
		Unchanged: 
 Data sizes:     COMMON   BANK0   BANK1   BANK3   BANK2
      Params:         0       4       0       0       0
      Locals:         0       6       0       0       0
      Temps:          0       4       0       0       0
      Totals:         0      14       0       0       0
Total ram usage:       14 bytes
 Hardware stack levels used:    1
 This function calls:
		Nothing
 This function is called by:
		_sprintf
 This function uses a non-reentrant model


 *************** function ___ftsub *****************
 Defined at:
		line 18 in file "/opt/microchip/xc8/v1.33/sources/common/ftsub.c"
 Parameters:    Size  Location     Type
  f2              3   66[BANK0 ] float 
  f1              3   69[BANK0 ] float 
 Auto vars:     Size  Location     Type
		None
 Return value:  Size  Location     Type
                  3   66[BANK0 ] float 
 Registers used:
		wreg, status,2, status,0, pclath, cstack
 Tracked objects:
		On entry : 
		On exit  : 
		Unchanged: 
 Data sizes:     COMMON   BANK0   BANK1   BANK3   BANK2
      Params:         0       6       0       0       0
      Locals:         0       0       0       0       0
      Temps:          0       0       0       0       0
      Totals:         0       6       0       0       0
Total ram usage:        6 bytes
 Hardware stack levels used:    1
 Hardware stack levels required when called:    2
 This function calls:
		___ftadd
 This function is called by:
		_sprintf
 This function uses a non-reentrant model


 *************** function ___ftadd *****************
 Defined at:
		line 86 in file "/opt/microchip/xc8/v1.33/sources/common/ftadd.c"
 Parameters:    Size  Location     Type
  f1              3   53[BANK0 ] float 
  f2              3   56[BANK0 ] float 
 Auto vars:     Size  Location     Type
  exp1            1   65[BANK0 ] unsigned char 
  exp2            1   64[BANK0 ] unsigned char 
  sign            1   63[BANK0 ] unsigned char 
 Return value:  Size  Location     Type
                  3   53[BANK0 ] float 
 Registers used:
		wreg, status,2, status,0, pclath, cstack
 Tracked objects:
		On entry : 
		On exit  : 
		Unchanged: 
 Data sizes:     COMMON   BANK0   BANK1   BANK3   BANK2
      Params:         0       6       0       0       0
      Locals:         0       3       0       0       0
      Temps:          0       4       0       0       0
      Totals:         0      13       0       0       0
Total ram usage:       13 bytes
 Hardware stack levels used:    1
 Hardware stack levels required when called:    1
 This function calls:
		___ftpack
 This function is called by:
		_main
		_sprintf
		___ftsub
 This function uses a non-reentrant model


 *************** function ___ftpack *****************
 Defined at:
		line 62 in file "/opt/microchip/xc8/v1.33/sources/common/float.c"
 Parameters:    Size  Location     Type
  arg             3    0[COMMON] unsigned um
  exp             1    3[COMMON] unsigned char 
  sign            1    4[COMMON] unsigned char 
 Auto vars:     Size  Location     Type
		None
 Return value:  Size  Location     Type
                  3    0[COMMON] float 
 Registers used:
		wreg, status,2, status,0
 Tracked objects:
		On entry : 
		On exit  : 
		Unchanged: 
 Data sizes:     COMMON   BANK0   BANK1   BANK3   BANK2
      Params:         5       0       0       0       0
      Locals:         0       0       0       0       0
      Temps:          3       0       0       0       0
      Totals:         8       0       0       0       0
Total ram usage:        8 bytes
 Hardware stack levels used:    1
 This function calls:
		Nothing
 This function is called by:
		___ftadd
		___ftmul
		___lltoft
 This function uses a non-reentrant model


 *************** function ___ftneg *****************
 Defined at:
		line 15 in file "/opt/microchip/xc8/v1.33/sources/common/ftneg.c"
 Parameters:    Size  Location     Type
  f1              3    7[BANK0 ] float 
 Auto vars:     Size  Location     Type
		None
 Return value:  Size  Location     Type
                  3    7[BANK0 ] float 
 Registers used:
		wreg
 Tracked objects:
		On entry : 
		On exit  : 
		Unchanged: 
 Data sizes:     COMMON   BANK0   BANK1   BANK3   BANK2
      Params:         0       3       0       0       0
      Locals:         0       0       0       0       0
      Temps:          0       0       0       0       0
      Totals:         0       3       0       0       0
Total ram usage:        3 bytes
 Hardware stack levels used:    1
 This function calls:
		Nothing
 This function is called by:
		_main
		_sprintf
 This function uses a non-reentrant model


 *************** function ___ftge *****************
 Defined at:
		line 4 in file "/opt/microchip/xc8/v1.33/sources/common/ftge.c"
 Parameters:    Size  Location     Type
  ff1             3    7[BANK0 ] float 
  ff2             3   10[BANK0 ] float 
 Auto vars:     Size  Location     Type
		None
 Return value:  Size  Location     Type
		None               void
 Registers used:
		wreg, status,2, status,0
 Tracked objects:
		On entry : 
		On exit  : 
		Unchanged: 
 Data sizes:     COMMON   BANK0   BANK1   BANK3   BANK2
      Params:         0       6       0       0       0
      Locals:         0       0       0       0       0
      Temps:          0       6       0       0       0
      Totals:         0      12       0       0       0
Total ram usage:       12 bytes
 Hardware stack levels used:    1
 This function calls:
		Nothing
 This function is called by:
		_main
		_sprintf
 This function uses a non-reentrant model


 *************** function _LCD_puts *****************
 Defined at:
		line 133 in file "lcd.c"
 Parameters:    Size  Location     Type
  a               1    wreg     PTR unsigned char 
		 -> main@current_str(45), 
 Auto vars:     Size  Location     Type
  a               1   11[COMMON] PTR unsigned char 
		 -> main@current_str(45), 
  i               2    9[COMMON] int 
 Return value:  Size  Location     Type
		None               void
 Registers used:
		wreg, fsr0l, fsr0h, status,2, status,0, pclath, cstack
 Tracked objects:
		On entry : 
		On exit  : 
		Unchanged: 
 Data sizes:     COMMON   BANK0   BANK1   BANK3   BANK2
      Params:         0       0       0       0       0
      Locals:         3       0       0       0       0
      Temps:          1       0       0       0       0
      Totals:         4       0       0       0       0
Total ram usage:        4 bytes
 Hardware stack levels used:    1
 Hardware stack levels required when called:    2
 This function calls:
		_LCD_putc
 This function is called by:
		_main
 This function uses a non-reentrant model


 *************** function _LCD_putrs *****************
 Defined at:
		line 141 in file "lcd.c"
 Parameters:    Size  Location     Type
  a               1    wreg     PTR const unsigned char 
		 -> STR_7(21), STR_6(21), STR_5(21), STR_2(21), 
		 -> STR_1(21), 
 Auto vars:     Size  Location     Type
  a               1   10[COMMON] PTR const unsigned char 
		 -> STR_7(21), STR_6(21), STR_5(21), STR_2(21), 
		 -> STR_1(21), 
  i               2    8[COMMON] int 
 Return value:  Size  Location     Type
		None               void
 Registers used:
		wreg, fsr0l, fsr0h, status,2, status,0, pclath, cstack
 Tracked objects:
		On entry : 
		On exit  : 
		Unchanged: 
 Data sizes:     COMMON   BANK0   BANK1   BANK3   BANK2
      Params:         0       0       0       0       0
      Locals:         3       0       0       0       0
      Temps:          0       0       0       0       0
      Totals:         3       0       0       0       0
Total ram usage:        3 bytes
 Hardware stack levels used:    1
 Hardware stack levels required when called:    2
 This function calls:
		_LCD_putc
 This function is called by:
		_main
 This function uses a non-reentrant model


 *************** function _LCD_putc *****************
 Defined at:
		line 116 in file "lcd.c"
 Parameters:    Size  Location     Type
  c               1    wreg     unsigned char 
 Auto vars:     Size  Location     Type
  c               1    7[COMMON] unsigned char 
 Return value:  Size  Location     Type
		None               void
 Registers used:
		wreg, fsr0l, fsr0h, status,2, status,0, pclath, cstack
 Tracked objects:
		On entry : 
		On exit  : 
		Unchanged: 
 Data sizes:     COMMON   BANK0   BANK1   BANK3   BANK2
      Params:         0       0       0       0       0
      Locals:         1       0       0       0       0
      Temps:          3       0       0       0       0
      Totals:         4       0       0       0       0
Total ram usage:        4 bytes
 Hardware stack levels used:    1
 Hardware stack levels required when called:    1
 This function calls:
		_LCD_Out
 This function is called by:
		_LCD_puts
		_LCD_putrs
 This function uses a non-reentrant model


 *************** function _LCD_Init *****************
 Defined at:
		line 61 in file "lcd.c"
 Parameters:    Size  Location     Type
  display         5    8[COMMON] struct .
 Auto vars:     Size  Location     Type
  cmd             1   13[COMMON] unsigned char 
 Return value:  Size  Location     Type
                  1    wreg      unsigned char 
 Registers used:
		wreg, fsr0l, fsr0h, status,2, status,0, pclath, cstack
 Tracked objects:
		On entry : 
		On exit  : 
		Unchanged: 
 Data sizes:     COMMON   BANK0   BANK1   BANK3   BANK2
      Params:         5       0       0       0       0
      Locals:         1       0       0       0       0
      Temps:          0       2       0       0       0
      Totals:         6       2       0       0       0
Total ram usage:        8 bytes
 Hardware stack levels used:    1
 Hardware stack levels required when called:    2
 This function calls:
		_LCD_Write
 This function is called by:
		_main
 This function uses a non-reentrant model


 *************** function _LCD_Write *****************
 Defined at:
		line 50 in file "lcd.c"
 Parameters:    Size  Location     Type
  c               1    wreg     unsigned char 
 Auto vars:     Size  Location     Type
  c               1    7[COMMON] unsigned char 
 Return value:  Size  Location     Type
		None               void
 Registers used:
		wreg, fsr0l, fsr0h, status,2, status,0, pclath, cstack
 Tracked objects:
		On entry : 
		On exit  : 
		Unchanged: 
 Data sizes:     COMMON   BANK0   BANK1   BANK3   BANK2
      Params:         0       0       0       0       0
      Locals:         1       0       0       0       0
      Temps:          3       0       0       0       0
      Totals:         4       0       0       0       0
Total ram usage:        4 bytes
 Hardware stack levels used:    1
 Hardware stack levels required when called:    1
 This function calls:
		_LCD_Out
 This function is called by:
		_main
		_LCD_Init
 This function uses a non-reentrant model


 *************** function _LCD_Out *****************
 Defined at:
		line 18 in file "lcd.c"
 Parameters:    Size  Location     Type
  c               1    wreg     unsigned char 
 Auto vars:     Size  Location     Type
  c               1    3[COMMON] unsigned char 
 Return value:  Size  Location     Type
		None               void
 Registers used:
		wreg, fsr0l, fsr0h, status,2, status,0
 Tracked objects:
		On entry : 
		On exit  : 
		Unchanged: 
 Data sizes:     COMMON   BANK0   BANK1   BANK3   BANK2
      Params:         0       0       0       0       0
      Locals:         1       0       0       0       0
      Temps:          3       0       0       0       0
      Totals:         4       0       0       0       0
Total ram usage:        4 bytes
 Hardware stack levels used:    1
 This function calls:
		Nothing
 This function is called by:
		_LCD_Write
		_LCD_putc
 This function uses a non-reentrant model


 *************** function _IO_Init *****************
 Defined at:
		line 185 in file "main.c"
 Parameters:    Size  Location     Type
		None
 Auto vars:     Size  Location     Type
		None
 Return value:  Size  Location     Type
		None               void
 Registers used:
		None
 Tracked objects:
		On entry : 
		On exit  : 
		Unchanged: 
 Data sizes:     COMMON   BANK0   BANK1   BANK3   BANK2
      Params:         0       0       0       0       0
      Locals:         0       0       0       0       0
      Temps:          0       0       0       0       0
      Totals:         0       0       0       0       0
Total ram usage:        0 bytes
 Hardware stack levels used:    1
 This function calls:
		Nothing
 This function is called by:
		_main
 This function uses a non-reentrant model


 *************** function _ADC_Read *****************
 Defined at:
		line 32 in file "adc.c"
 Parameters:    Size  Location     Type
  channel         1    wreg     unsigned char 
  samples         2    0[BANK0 ] unsigned int 
 Auto vars:     Size  Location     Type
  channel         1   14[BANK0 ] unsigned char 
  i               2   12[BANK0 ] int 
  ADCResult       4    8[BANK0 ] unsigned long 
 Return value:  Size  Location     Type
                  4    0[BANK0 ] unsigned long 
 Registers used:
		wreg, status,2, status,0, pclath, cstack
 Tracked objects:
		On entry : 
		On exit  : 
		Unchanged: 
 Data sizes:     COMMON   BANK0   BANK1   BANK3   BANK2
      Params:         0       4       0       0       0
      Locals:         0       7       0       0       0
      Temps:          0       4       0       0       0
      Totals:         0      15       0       0       0
Total ram usage:       15 bytes
 Hardware stack levels used:    1
 Hardware stack levels required when called:    1
 This function calls:
		___lldiv
 This function is called by:
		_main
 This function uses a non-reentrant model


 *************** function ___lldiv *****************
 Defined at:
		line 6 in file "/opt/microchip/xc8/v1.33/sources/common/lldiv.c"
 Parameters:    Size  Location     Type
  divisor         4    0[COMMON] unsigned long 
  dividend        4    4[COMMON] unsigned long 
 Auto vars:     Size  Location     Type
  quotient        4    9[COMMON] unsigned long 
  counter         1   13[COMMON] unsigned char 
 Return value:  Size  Location     Type
                  4    0[COMMON] unsigned long 
 Registers used:
		wreg, status,2, status,0
 Tracked objects:
		On entry : 
		On exit  : 
		Unchanged: 
 Data sizes:     COMMON   BANK0   BANK1   BANK3   BANK2
      Params:         8       0       0       0       0
      Locals:         5       0       0       0       0
      Temps:          1       0       0       0       0
      Totals:        14       0       0       0       0
Total ram usage:       14 bytes
 Hardware stack levels used:    1
 This function calls:
		Nothing
 This function is called by:
		_ADC_Read
		_sprintf
 This function uses a non-reentrant model


 *************** function _ADC_Init *****************
 Defined at:
		line 14 in file "adc.c"
 Parameters:    Size  Location     Type
		None
 Auto vars:     Size  Location     Type
		None
 Return value:  Size  Location     Type
		None               void
 Registers used:
		wreg, status,2, status,0
 Tracked objects:
		On entry : 
		On exit  : 
		Unchanged: 
 Data sizes:     COMMON   BANK0   BANK1   BANK3   BANK2
      Params:         0       0       0       0       0
      Locals:         0       0       0       0       0
      Temps:          1       0       0       0       0
      Totals:         1       0       0       0       0
Total ram usage:        1 bytes
 Hardware stack levels used:    1
 This function calls:
		Nothing
 This function is called by:
		_main
 This function uses a non-reentrant model



MODULE INFORMATION

Module		Function		Class		Link	Load	Size
/opt/microchip/xc8/v1.33/sources/common/fldivl.c
		__div_to_l_    		CODE           	16CE	0000	306

/opt/microchip/xc8/v1.33/sources/common/fldivl.c estimated size: 306

/opt/microchip/xc8/v1.33/sources/common/ftneg.c
		___ftneg       		CODE           	1D7B	0000	10

/opt/microchip/xc8/v1.33/sources/common/ftneg.c estimated size: 10

/opt/microchip/xc8/v1.33/sources/common/ftsub.c
		___ftsub       		CODE           	1DB2	0000	28

/opt/microchip/xc8/v1.33/sources/common/ftsub.c estimated size: 28

/opt/microchip/xc8/v1.33/sources/common/float.c
		___ftpack      		CODE           	1170	0000	104

/opt/microchip/xc8/v1.33/sources/common/float.c estimated size: 104

/opt/microchip/xc8/v1.33/sources/common/awmod.c
		___awmod       		CODE           	1E9D	0000	77

/opt/microchip/xc8/v1.33/sources/common/awmod.c estimated size: 77

/opt/microchip/xc8/v1.33/sources/common/llmod.c
		___llmod       		CODE           	1E51	0000	76

/opt/microchip/xc8/v1.33/sources/common/llmod.c estimated size: 76

/opt/microchip/xc8/v1.33/sources/common/ftge.c
		___ftge        		CODE           	1111	0000	95

/opt/microchip/xc8/v1.33/sources/common/ftge.c estimated size: 95

/opt/microchip/xc8/v1.33/sources/common/isdigit.c
		_isdigit       		CODE           	1D93	0000	14

/opt/microchip/xc8/v1.33/sources/common/isdigit.c estimated size: 14

/opt/microchip/xc8/v1.33/sources/common/ftmul.c
		___ftmul       		CODE           	14F2	0000	211

/opt/microchip/xc8/v1.33/sources/common/ftmul.c estimated size: 211

adc.c
		_ADC_Read      		CODE           	11D8	0000	121
		_ADC_Init      		CODE           	1DCE	0000	31

adc.c estimated size: 152

/opt/microchip/xc8/v1.33/sources/common/doprnt.c
		_scale         		CODE           	09DF	0000	671
		_sprintf       		CODE           	00CD	0000	1814
		_fround        		CODE           	0843	0000	412

/opt/microchip/xc8/v1.33/sources/common/doprnt.c estimated size: 2897

/opt/microchip/xc8/v1.33/sources/common/awdiv.c
		___awdiv       		CODE           	1F45	0000	93

/opt/microchip/xc8/v1.33/sources/common/awdiv.c estimated size: 93

/opt/microchip/xc8/v1.33/sources/common/lltoft.c
		___lltoft      		CODE           	0814	0000	47

/opt/microchip/xc8/v1.33/sources/common/lltoft.c estimated size: 47

shared
		__stringtab    		STRING         	1000	0000	6
		__stringdata   		STRING         	107C	0000	119
		__powers_      		STRING         	1055	0000	39
		_dpowers       		STRING         	1006	0000	40
		__npowers_     		STRING         	102E	0000	39
		__initializatio		CODE           	07E3	0000	25

shared estimated size: 268

/opt/microchip/xc8/v1.33/sources/common/lldiv.c
		___lldiv       		CODE           	1FA2	0000	94

/opt/microchip/xc8/v1.33/sources/common/lldiv.c estimated size: 94

/opt/microchip/xc8/v1.33/sources/common/Umul8.c
		___bmul        		CODE           	0801	0000	19

/opt/microchip/xc8/v1.33/sources/common/Umul8.c estimated size: 19

/opt/microchip/xc8/v1.33/sources/common/fttol.c
		___fttol       		CODE           	1251	0000	142

/opt/microchip/xc8/v1.33/sources/common/fttol.c estimated size: 142

lcd.c
		_LCD_Init      		CODE           	137D	0000	179
		_LCD_Out       		CODE           	1430	0000	194
		_LCD_putc      		CODE           	12DF	0000	158
		_LCD_puts      		CODE           	1DED	0000	31
		_LCD_putrs     		CODE           	1E0C	0000	34
		_LCD_Write     		CODE           	1EEA	0000	91

lcd.c estimated size: 687

/opt/microchip/xc8/v1.33/sources/common/ftdivl.c
		__tdiv_to_l_   		CODE           	000A	0000	195

/opt/microchip/xc8/v1.33/sources/common/ftdivl.c estimated size: 195

/opt/microchip/xc8/v1.33/sources/common/ftadd.c
		___ftadd       		CODE           	15C5	0000	265

/opt/microchip/xc8/v1.33/sources/common/ftadd.c estimated size: 265

main.c
		_main          		CODE           	0C7E	0000	898
		_IO_Init       		CODE           	1D85	0000	14

main.c estimated size: 912

/opt/microchip/xc8/v1.33/sources/common/Umul16.c
		___wmul        		CODE           	1E2E	0000	35

/opt/microchip/xc8/v1.33/sources/common/Umul16.c estimated size: 35

